******************************************************************************
                  TI ARM Linker PC v20.2.1                     
******************************************************************************
>> Linked Mon Jan 25 10:51:59 2021

OUTPUT FILE NAME:   <tcp_client_v4.out>
ENTRY POINT SYMBOL: "_c_int00"  address: 0000f165


MEMORY CONFIGURATION

         name            origin    length      used     unused   attr    fill
----------------------  --------  ---------  --------  --------  ----  --------
  FLASH                 00000000   00100000  0001645a  000e9ba6  R  X
  SRAM                  20000000   00040000  0001ba88  00024578  RW X


SEGMENT ALLOCATION MAP

run origin  load origin   length   init length attrs members
----------  ----------- ---------- ----------- ----- -------
00000000    00000000    00016468   00016468    r-x
  00000000    00000000    0000003c   0000003c    r-- .resetVecs
  00000040    00000040    00013a3a   00013a3a    r-x .text
  00013a80    00013a80    000025ac   000025ac    r-- .const
  00016030    00016030    00000438   00000438    r-- .cinit
20000000    20000000    00000360   00000000    rw-
  20000000    20000000    00000360   00000000    rw- .vecs
20000380    20000380    0001b728   00000000    rw-
  20000380    20000380    0001a58c   00000000    rw- .bss
  2001a90c    2001a90c    0000099c   00000000    rw- .data
  2001b2a8    2001b2a8    00000800   00000000    rw- .stack


SECTION ALLOCATION MAP

 output                                  attributes/
section   page    origin      length       input sections
--------  ----  ----------  ----------   ----------------
.text      0    00000040    00013a3a     
                  00000040    00000c68     stk.aem4f : tcpin.oem4f (.text:TcpInput)
                  00000ca8    00000a4e     rtsv7M4_T_le_v4SPD16_eabi.lib : _printfi.c.obj (.text:__TI_printfi)
                  000016f6    00000002     hal_userled_stub.aem4f : llled.oem4f (.text:LED_TOGGLE)
                  000016f8    000008b8     stk.aem4f : tcpout.oem4f (.text:TcpOutput)
                  00001fb0    00000460     rtsv7M4_T_le_v4SPD16_eabi.lib : strtod.c.obj (.text:strtod)
                  00002410    00000430     sysbios.aem4f : BIOS.obj (.text:ti_sysbios_family_arm_m3_Hwi_excDumpRegs__I)
                  00002840    00000408     stk.aem4f : ipout.oem4f (.text:IPTxPacket)
                  00002c48    00000384               : ipin.oem4f (.text:IPRxPacket)
                  00002fcc    0000034c     ti.targets.arm.rtsarm.aem4f : System.oem4f (.text:xdc_runtime_System_doPrint__I)
                  00003318    000002f4     httpget.obj (.text:serverSocketTask)
                  0000360c    00000284     stk.aem4f : sock.oem4f (.text:SockSet)
                  00003890    00000270     rtsv7M4_T_le_v4SPD16_eabi.lib : _printfi.c.obj (.text:_pconv_a)
                  00003b00    0000024c     stk.aem4f : ipfrag.oem4f (.text:IPReasm)
                  00003d4c    0000023c               : icmpin.oem4f (.text:ICMPInput)
                  00003f88    00000238               : udp.oem4f (.text:UdpInput)
                  000041c0    00000204     Boot.aem4f : Boot_sysctl.oem4f (.text:ti_catalog_arm_cortexm4_tiva_ce_Boot_sysCtlClockFreqSetI__I)
                  000043c4    000001f4     stk.aem4f : sock.oem4f (.text:SockRecv)
                  000045b8    000001f4     sysbios.aem4f : BIOS.obj (.text:ti_sysbios_family_arm_m3_Hwi_excHandlerMax__I)
                  000047ac    000001d0     rtsv7M4_T_le_v4SPD16_eabi.lib : _printfi.c.obj (.text:_pconv_g)
                  0000497c    000001b8     drivers_tivaware.aem4f : EMACSnow.oem4f (.text:EMACSnow_NIMUInit)
                  00004b34    000001b6     rtsv7M4_T_le_v4SPD16_eabi.lib : fd_add_t2.asm.obj (.text)
                  00004cea    00000002     stk.aem4f : nat.oem4f (.text:NatMsg)
                  00004cec    000001b0               : lliout.oem4f (.text:LLITxIpPacket)
                  00004e9c    000001ac               : lliin.oem4f (.text:LLIRxPacket)
                  00005048    0000019c     os.aem4f : mem.oem4f (.text:mmAlloc)
                  000051e4    00000198     stk.aem4f : igmp.oem4f (.text:IGMPInput)
                  0000537c    00000190               : sock.oem4f (.text:SockNew)
                  0000550c    00000174     netctrl_min_ipv4.aem4f : netctrl.oem4f (.text:NC_NetStart)
                  00005680    00000174     sysbios.aem4f : BIOS.obj (.text:ti_sysbios_family_arm_m3_Hwi_excBusFault__I)
                  000057f4    00000170     stk.aem4f : rtc.oem4f (.text:RTCReport)
                  00005964    0000016a               : sb.oem4f (.text:SBRead)
                  00005ace    00000002     os.aem4f : task.oem4f (.text:_TaskInit)
                  00005ad0    00000164     sysbios.aem4f : BIOS.obj (.text:ti_sysbios_family_arm_m3_Hwi_excUsageFault__I)
                  00005c34    00000160     stk.aem4f : sock.oem4f (.text:SockConnect)
                  00005d94    00000158     nettool_ipv4.aem4f : dhcpmain.oem4f (.text:DHCPOpen)
                  00005eec    00000150     drivers_tivaware.aem4f : GPIOTiva.oem4f (.text:GPIO_setConfig)
                  0000603c    00000004     stk.aem4f : bind.oem4f (.text:BindGetIF)
                  00006040    00000148     sysbios.aem4f : BIOS.obj (.text:ti_sysbios_family_arm_m3_Hwi_excMemFault__I)
                  00006188    00000148                   : BIOS.obj (.text:ti_sysbios_knl_Task_Instance_finalize__E)
                  000062d0    00000144     stk.aem4f : bind.oem4f (.text:BindNew)
                  00006414    00000140               : tcp.oem4f (.text:TcpTimeoutCheck)
                  00006554    0000013c     nettool_ipv4.aem4f : config.oem4f (.text:CfgAddEntry)
                  00006690    0000013c     stk.aem4f : sockint.oem4f (.text:SockNotify)
                  000067cc    0000013c               : sock.oem4f (.text:SockSend)
                  00006908    0000013c     rtsv7M4_T_le_v4SPD16_eabi.lib : _printfi.c.obj (.text:_pconv_e)
                  00006a44    00000136                                   : fd_div_t2.asm.obj (.text)
                  00006b7a    00000002     os.aem4f : task.oem4f (.text:_TaskShutdown)
                  00006b7c    00000134     stk.aem4f : icmp.oem4f (.text:ICMPGenPacket)
                  00006cb0    00000131     httpget.obj (.text:sendData2Server)
                  00006de1    00000001     --HOLE-- [fill = 0]
                  00006de2    00000130     driverlib.lib : gpio.obj (.text:GPIOPadConfigSet)
                  00006f12    00000002     hal_ser_stub.aem4f : llserstb.oem4f (.text:_llSerialServiceCheck)
                  00006f14    0000012c     EK_TM4C1294XL.obj (.text:EK_TM4C1294XL_initEMAC)
                  00007040    00000128     sysbios.aem4f : BIOS.obj (.text:ti_sysbios_knl_Semaphore_pend__E)
                  00007168    00000124     stk.aem4f : sockpcb.oem4f (.text:SockPcbResolve)
                  0000728c    00000124               : udp.oem4f (.text:UdpOutput)
                  000073b0    00000124     rtsv7M4_T_le_v4SPD16_eabi.lib : _printfi.c.obj (.text:fcvt)
                  000074d4    00000120     httpget_pem4f.oem4f (.text:ti_ndk_config_Global_stackThread)
                  000075f4    00000118     stk.aem4f : tcpout.oem4f (.text:TcpGenPacket)
                  0000770c    00000118     ti.targets.arm.rtsarm.aem4f : Error.oem4f (.text:xdc_runtime_Error_policyDefault__E)
                  00007824    00000114     stk.aem4f : nimu.oem4f (.text:NIMUIoctl)
                  00007938    00000110               : node.oem4f (.text:NodeTreeFree)
                  00007a48    00000110               : raw.oem4f (.text:RawInput)
                  00007b58    00000110     rtsv7M4_T_le_v4SPD16_eabi.lib : s_scalbn.c.obj (.text:scalbn)
                  00007c68    0000010c     stk.aem4f : rtable.oem4f (.text:RtFind)
                  00007d74    0000010a               : route.oem4f (.text:RtCreate)
                  00007e7e    00000002     hal_ser_stub.aem4f : llserstb.oem4f (.text:_llSerialShutdown)
                  00007e80    00000108     drivers_tivaware.aem4f : EMACSnow.oem4f (.text:EMACSnow_emacStart)
                  00007f88    00000108     sysbios.aem4f : BIOS.obj (.text:ti_sysbios_family_arm_lm4_Timer_start__E)
                  00008090    00000104     os.aem4f : task.oem4f (.text:llEnter)
                  00008194    00000102     nettool_ipv4.aem4f : dhcppkt.oem4f (.text:dhcpPacketProcess)
                  00008296    00000102                        : inetaddr.oem4f (.text:inet_aton)
                  00008398    00000100     stk.aem4f : igmp.oem4f (.text:IGMPSendReply)
                  00008498    00000100     ti.targets.arm.rtsarm.aem4f : Core-mem.oem4f (.text:xdc_runtime_Core_createObject__I)
                  00008598    000000fc     netctrl_min_ipv4.aem4f : netctrl.oem4f (.text:NetScheduler)
                  00008694    000000fc     rtsv7M4_T_le_v4SPD16_eabi.lib : fd_mul_t2.asm.obj (.text)
                  00008790    000000f8     stk.aem4f : pipe.oem4f (.text:PipeRecv)
                  00008888    000000f8     ti.targets.arm.rtsarm.aem4f : Startup.oem4f (.text:xdc_runtime_Startup_startMods__I)
                  00008980    000000f8     httpget_pem4f.oem4f (.text:xdc_runtime_System_printfExtend__I)
                  00008a78    000000f4     os.aem4f : task.oem4f (.text:TaskGetEnv)
                  00008b6c    000000f4     sysbios.aem4f : m3_Hwi_asm.obj (.text:ti_sysbios_family_arm_m3_Hwi_dispatch__I)
                  00008c60    000000f4                   : BIOS.obj (.text:ti_sysbios_knl_Task_Instance_init__E)
                  00008d54    000000f0     stk.aem4f : lliout.oem4f (.text:LLIGenArpPacket)
                  00008e44    000000f0               : sock.oem4f (.text:SockClose)
                  00008f34    000000e8     os.aem4f : task.oem4f (.text:TaskSetEnv)
                  0000901c    00000004     stk.aem4f : bind.oem4f (.text:BindGetNext)
                  00009020    000000e4     sysbios.aem4f : BIOS.obj (.text:ti_sysbios_knl_Task_postInit__I)
                  00009104    000000e0     stk.aem4f : tcptime.oem4f (.text:TcpTimeoutRexmt)
                  000091e4    000000dc               : sb.oem4f (.text:SBWrite)
                  000092c0    000000dc     nettool_ipv4.aem4f : dhcpsock.oem4f (.text:dhcpSocketOpen)
                  0000939c    000000dc                        : dhcpsm.oem4f (.text:dhcpState)
                  00009478    000000d8     stk.aem4f : node.oem4f (.text:NodeAdd)
                  00009550    000000d8               : tcpprot.oem4f (.text:TcpPrSetOption)
                  00009628    000000d4     drivers_tivaware.aem4f : EMACSnow.oem4f (.text:EMACSnow_handleRx)
                  000096fc    000000d4     stk.aem4f : sockpcb.oem4f (.text:SockPcbBind)
                  000097d0    000000d4     sysbios.aem4f : BIOS.obj (.text:ti_sysbios_heaps_HeapMem_alloc__E)
                  000098a4    000000d1     stk.aem4f : nimu.oem4f (.text:NIMUReceivePacket)
                  00009975    00000001     --HOLE-- [fill = 0]
                  00009976    00000002     hal_userled_stub.aem4f : llled.oem4f (.text:_llUserLedInit)
                  00009978    000000cc     stk.aem4f : icmp.oem4f (.text:ICMPSendRtAdv)
                  00009a44    000000cc     nettool_ipv4.aem4f : dhcpbild.oem4f (.text:dhcpBuildHeader)
                  00009b10    000000cc                        : dhcpsm.oem4f (.text:dhcpIPAdd)
                  00009bdc    000000cc                        : dhcppkt.oem4f (.text:dhcpVerifyMessage)
                  00009ca8    000000cc     ti.targets.arm.rtsarm.aem4f : Core-smem.oem4f (.text:xdc_runtime_Core_constructObject__I)
                  00009d74    000000c8     stk.aem4f : rawethsock.oem4f (.text:RawEthSockNew)
                  00009e3c    000000c8     netctrl_min_ipv4.aem4f : netsrv.oem4f (.text:SPIpNet)
                  00009f04    000000c4     drivers_tivaware.aem4f : EMACSnow.oem4f (.text:EMACSnow_InitDMADescriptors)
                  00009fc8    000000c4     stk.aem4f : igmp.oem4f (.text:IGMPJoinHostGroup)
                  0000a08c    000000c4     nettool_ipv4.aem4f : dhcpsm.oem4f (.text:StateBound)
                  0000a150    000000c0     sysbios.aem4f : BIOS.obj (.text:ti_sysbios_knl_Task_sleep__E)
                  0000a210    000000bc     stk.aem4f : sockpcb.oem4f (.text:SockPcbFind)
                  0000a2cc    000000bc               : vlan.oem4f (.text:VLANDeinit)
                  0000a388    000000bc     sysbios.aem4f : BIOS.obj (.text:ti_sysbios_family_arm_m3_Hwi_excDebugMon__I)
                  0000a444    00000004     os.aem4f : ossys.oem4f (.text:NDK_vsprintf)
                  0000a448    000000bc     sysbios.aem4f : BIOS.obj (.text:ti_sysbios_family_arm_m3_Hwi_excHardFault__I)
                  0000a504    00000004     stk.aem4f : node.oem4f (.text:NodeSetRt)
                  0000a508    000000bc     sysbios.aem4f : BIOS.obj (.text:ti_sysbios_knl_Task_exit__E)
                  0000a5c4    000000b8     EK_TM4C1294XL.obj (.text:EK_TM4C1294XL_initGeneral)
                  0000a67c    000000b8     stk.aem4f : icmpin.oem4f (.text:ICMPRevSrcRoute)
                  0000a734    000000b8               : lli.oem4f (.text:_LLITimeoutCheck)
                  0000a7ec    000000b8     httpget.obj (.text:createTasks)
                  0000a8a4    000000b8     httpget.obj (.text:taskAverage)
                  0000a95c    000000b4     stk.aem4f : tcptime.oem4f (.text:TcpTimeoutKeep)
                  0000aa10    000000b4     sysbios.aem4f : BIOS.obj (.text:ti_sysbios_knl_Task_checkStacks__E)
                  0000aac4    000000b1     rtsv7M4_T_le_v4SPD16_eabi.lib : _printfi.c.obj (.text:_ltostr)
                  0000ab75    00000001     --HOLE-- [fill = 0]
                  0000ab76    000000b0     stk.aem4f : rawethsock.oem4f (.text:RawEthSockSet)
                  0000ac26    00000002     hal_userled_stub.aem4f : llled.oem4f (.text:_llUserLedShutdown)
                  0000ac28    000000ac     stk.aem4f : rtable.oem4f (.text:RtTimeoutCheck)
                  0000acd4    00000004               : rawethsock_prot.oem4f (.text:RawEthSockPrAttach)
                  0000acd8    000000ac     sysbios.aem4f : BIOS.obj (.text:ti_sysbios_family_arm_lm4_Timer_enableTiva__I)
                  0000ad84    000000a8     stk.aem4f : sockint.oem4f (.text:SockCreatePacket)
                  0000ae2c    00000004               : rawethsock_prot.oem4f (.text:RawEthSockPrDetach)
                  0000ae30    000000a4     sysbios.aem4f : BIOS.obj (.text:ti_sysbios_knl_Task_setPri__E)
                  0000aed4    000000a2     httpget.obj (.text:main)
                  0000af76    00000002     rtsv7M4_T_le_v4SPD16_eabi.lib : _lock.c.obj (.text:_nop)
                  0000af78    000000a0     stk.aem4f : ip.oem4f (.text:IPGetRoute)
                  0000b018    000000a0     auto_init.aem4f : auto_init.oem4f (.text)
                  0000b0b8    000000a0     ti.targets.arm.rtsarm.aem4f : Text.oem4f (.text:xdc_runtime_Text_putMod__E)
                  0000b158    0000009e     stk.aem4f : nimu.oem4f (.text:NIMUAddEthernetHeader)
                  0000b1f6    0000009e     nettool_ipv4.aem4f : dhcpbild.oem4f (.text:dhcpBuildRequest)
                  0000b294    0000009c     stk.aem4f : exec.oem4f (.text:ExecOpen)
                  0000b330    0000009c     rtsv7M4_T_le_v4SPD16_eabi.lib : memcpy_t2.asm.obj (.text)
                  0000b3cc    0000009a     ti.targets.arm.rtsarm.aem4f : Text.oem4f (.text:xdc_runtime_Text_putSite__E)
                  0000b466    00000002     hal_ser_stub.aem4f : llserstb.oem4f (.text:llSerialService)
                  0000b468    00000098     netctrl_min_ipv4.aem4f : netctrl.oem4f (.text:NC_SystemOpen)
                  0000b500    00000098                            : netsrv.oem4f (.text:ServiceScan)
                  0000b598    00000098     httpget.obj (.text:clientSocketTask)
                  0000b630    00000098     Boot.aem4f : Boot.oem4f (.text:ti_catalog_arm_cortexm4_tiva_ce_Boot_sysCtlClockFreqSet__E)
                  0000b6c8    00000098     sysbios.aem4f : BIOS.obj (.text:ti_sysbios_knl_Task_schedule__I)
                  0000b760    00000096     rtsv7M4_T_le_v4SPD16_eabi.lib : ull_div_t2.asm.obj (.text)
                  0000b7f6    00000002                                   : div0.asm.obj (.text)
                  0000b7f8    00000094     nettool_ipv4.aem4f : config.oem4f (.text:CfgRemoveEntry)
                  0000b88c    00000004     os.aem4f : semaphore.oem4f (.text:SemPend)
                  0000b890    00000094     sysbios.aem4f : BIOS.obj (.text:ti_sysbios_family_arm_m3_Hwi_Instance_init__E)
                  0000b924    00000004     os.aem4f : semaphore.oem4f (.text:SemPost)
                  0000b928    00000094     sysbios.aem4f : BIOS.obj (.text:ti_sysbios_family_arm_m3_Hwi_initNVIC__E)
                  0000b9bc    00000090     nettool_ipv4.aem4f : config.oem4f (.text:CfgExecute)
                  0000ba4c    00000090     stk.aem4f : igmp.oem4f (.text:IGMPMsg)
                  0000badc    00000090     os.aem4f : mem.oem4f (.text:mmBulkAlloc)
                  0000bb6c    00000004              : semaphore.oem4f (.text:SemReset)
                  0000bb70    00000090     sysbios.aem4f : BIOS.obj (.text:ti_sysbios_knl_Task_Module_startup__E)
                  0000bc00    00000090                   : BIOS.obj (.text:ti_sysbios_knl_Task_startCore__E)
                  0000bc90    0000008c     drivers_tivaware.aem4f : GPIOTiva.oem4f (.text:GPIO_init)
                  0000bd1c    0000008c     stk.aem4f : ip.oem4f (.text:IPMsg)
                  0000bda8    0000008c     os.aem4f : mem.oem4f (.text:_mmInit)
                  0000be34    0000008c              : mem.oem4f (.text:mmInitPage)
                  0000bec0    0000008c     sysbios.aem4f : m3_TaskSupport_asm.obj (.text:ti_sysbios_family_arm_m3_TaskSupport_buildTaskStack)
                  0000bf4c    0000008a     netctrl_min_ipv4.aem4f : netsrv.oem4f (.text:SPRoute)
                  0000bfd6    00000002     httpget_pem4f.oem4f (.text:ti_ndk_config_Global_NetworkClose)
                  0000bfd8    00000088     netctrl_min_ipv4.aem4f : netsrv.oem4f (.text:ServiceSpawn)
                  0000c060    00000088     stk.aem4f : sockpcb.oem4f (.text:SockPcbCtlError)
                  0000c0e8    00000088     sysbios.aem4f : BIOS.obj (.text:ti_sysbios_knl_Mailbox_post__E)
                  0000c170    00000087     httpget_pem4f.oem4f (.text:ti_ndk_config_Global_NetworkIPAddr)
                  0000c1f7    00000001     --HOLE-- [fill = 0]
                  0000c1f8    00000086     nettool_ipv4.aem4f : dhcpsm.oem4f (.text:StateRequesting)
                  0000c27e    00000086     rtsv7M4_T_le_v4SPD16_eabi.lib : fd_cmp_t2.asm.obj (.text:__aeabi_cdcmple)
                  0000c304    00000086                                   : fd_cmp_t2.asm.obj (.text:__aeabi_cdrcmple)
                  0000c38a    00000002     httpget_pem4f.oem4f (.text:ti_ndk_config_Global_NetworkOpen)
                  0000c38c    00000084     nettool_ipv4.aem4f : config.oem4f (.text:CfgGetEntry)
                  0000c410    00000084     drivers_tivaware.aem4f : EMACSnow.oem4f (.text:EMACSnow_processPhyInterrupt)
                  0000c494    00000084     stk.aem4f : tcpprot.oem4f (.text:TcpPrAttach)
                  0000c518    00000084     os.aem4f : mem.oem4f (.text:mmBulkFree)
                  0000c59c    00000084              : mem.oem4f (.text:mmFree)
                  0000c620    00000084     sysbios.aem4f : BIOS.obj (.text:ti_sysbios_family_arm_m3_Hwi_postInit__I)
                  0000c6a4    00000082     nettool_ipv4.aem4f : dhcpsm.oem4f (.text:StateRenewRebind)
                  0000c726    00000002     httpget_pem4f.oem4f (.text:ti_sysbios_BIOS_nullFunc__I)
                  0000c728    00000080     drivers_tivaware.aem4f : EMACSnow.oem4f (.text:EMACSnow_emacStop)
                  0000c7a8    00000080                            : EMACSnow.oem4f (.text:EMACSnow_processPendingTx)
                  0000c828    00000080     stk.aem4f : lli.oem4f (.text:LLINew)
                  0000c8a8    00000080     netctrl_min_ipv4.aem4f : netsrv.oem4f (.text:NS_BootTask)
                  0000c928    00000080     stk.aem4f : pbm.oem4f (.text:PBM_alloc)
                  0000c9a8    00000080               : raw.oem4f (.text:RawOutput)
                  0000ca28    0000007e               : fileuser.oem4f (.text:fdClose)
                  0000caa6    00000002     httpget_pem4f.oem4f (.text:xdc_runtime_Startup_reset__I)
                  0000caa8    0000007c     nettool_ipv4.aem4f : config.oem4f (.text:CfgGetNextEntry)
                  0000cb24    0000007c     drivers_tivaware.aem4f : EMACSnow.oem4f (.text:EMACSnow_hwiIntFxn)
                  0000cba0    0000007c     stk.aem4f : igmp.oem4f (.text:IGMPDoMCast)
                  0000cc1c    0000007c               : igmp.oem4f (.text:IGMPJoin)
                  0000cc98    0000007c               : socket.oem4f (.text:NDK_setsockopt)
                  0000cd14    0000007c               : nimu.oem4f (.text:NIMURegister)
                  0000cd90    0000007c               : pbm.oem4f (.text:PBM_free)
                  0000ce0c    0000007c     nettool_ipv4.aem4f : inetaddr.oem4f (.text:inet_pton)
                  0000ce88    0000007c     sysbios.aem4f : BIOS.obj (.text:ti_sysbios_heaps_HeapMem_free__E)
                  0000cf04    0000007a     driverlib.lib : adc.obj (.text:ADCSequenceStepConfigure)
                  0000cf7e    0000007a     stk.aem4f : sock.oem4f (.text:SockAccept)
                  0000cff8    0000007a     rtsv7M4_T_le_v4SPD16_eabi.lib : memset_t2.asm.obj (.text)
                  0000d072    00000002     --HOLE-- [fill = 0]
                  0000d074    00000078     driverlib.lib : emac.obj (.text:EMACInit)
                  0000d0ec    00000078     stk.aem4f : socket.oem4f (.text:NDK_sendto)
                  0000d164    00000078               : tcptime.oem4f (.text:TcpXmitTimer)
                  0000d1dc    00000078               : fileuser.oem4f (.text:fdOpenSession)
                  0000d254    00000078     os.aem4f : task.oem4f (.text:llExit)
                  0000d2cc    00000076     stk.aem4f : pipe.oem4f (.text:PipeSend)
                  0000d342    00000002     --HOLE-- [fill = 0]
                  0000d344    00000075               : tcptime.oem4f (.text:TcpTimeoutSackRexmt)
                  0000d3b9    00000003     --HOLE-- [fill = 0]
                  0000d3bc    00000074               : igmp.oem4f (.text:IGMPLeaveHostGroup)
                  0000d430    00000074               : nimu.oem4f (.text:NIMUShutdown)
                  0000d4a4    00000074               : raweth.oem4f (.text:RawEthRxPacket)
                  0000d518    00000074               : sockpcb.oem4f (.text:SockPcbConnect)
                  0000d58c    00000004     os.aem4f : task.oem4f (.text:TaskSelf)
                  0000d590    00000074     sysbios.aem4f : BIOS.obj (.text:ti_sysbios_knl_Mailbox_pend__E)
                  0000d604    00000072     os.aem4f : semaphore.oem4f (.text:SemCreateBinary)
                  0000d676    00000070     stk.aem4f : socket.oem4f (.text:NDK_accept)
                  0000d6e6    00000070               : socket.oem4f (.text:NDK_send)
                  0000d756    00000002     --HOLE-- [fill = 0]
                  0000d758    00000070               : rtable.oem4f (.text:RtFlush)
                  0000d7c8    00000070     netctrl_min_ipv4.aem4f : netsrv.oem4f (.text:SPConfig)
                  0000d838    00000070     stk.aem4f : sock.oem4f (.text:SockShutdown)
                  0000d8a8    00000070     nettool_ipv4.aem4f : dhcptags.oem4f (.text:dhcpDecodeType)
                  0000d918    00000070     sysbios.aem4f : BIOS.obj (.text:ti_sysbios_knl_Clock_workFunc__E)
                  0000d988    0000006e     stk.aem4f : socket.oem4f (.text:NDK_recv)
                  0000d9f6    00000002     --HOLE-- [fill = 0]
                  0000d9f8    0000006e               : rtable.oem4f (.text:RtWalkNext)
                  0000da66    0000006e               : sockpcb.oem4f (.text:SockPcbFindRaw)
                  0000dad4    0000006e     rtsv7M4_T_le_v4SPD16_eabi.lib : _printfi.c.obj (.text:_mcpy)
                  0000db42    0000006e                                   : fd_tos_t2.asm.obj (.text)
                  0000dbb0    0000006d     stk.aem4f : node.oem4f (.text:NodeNew)
                  0000dc1d    00000003     --HOLE-- [fill = 0]
                  0000dc20    0000006d     ti.targets.arm.rtsarm.aem4f : System.oem4f (.text:xdc_runtime_System_formatNum__I)
                  0000dc8d    00000003     --HOLE-- [fill = 0]
                  0000dc90    0000006c     os.aem4f : ossys.oem4f (.text:DbgPrintf)
                  0000dcfc    0000006c     stk.aem4f : node.oem4f (.text:NodeTreeNew)
                  0000dd68    0000006c               : raweth.oem4f (.text:RawEthTxPacket)
                  0000ddd4    0000006c               : udp.oem4f (.text:UdpChecksum)
                  0000de40    0000006c     httpget_pem4f.oem4f (.text:ti_ndk_config_ip_init)
                  0000deac    00000004     os.aem4f : task.oem4f (.text:TaskSetPri)
                  0000deb0    0000006c     sysbios.aem4f : BIOS.obj (.text:ti_sysbios_knl_Swi_restoreHwi__E)
                  0000df1c    0000006c     ti.targets.arm.rtsarm.aem4f : Error.oem4f (.text:xdc_runtime_Error_print__E)
                  0000df88    0000006c                                 : Memory.oem4f (.text:xdc_runtime_Memory_alloc__E)
                  0000dff4    0000006a     stk.aem4f : tcpprot.oem4f (.text:TcpPrInherit)
                  0000e05e    00000068               : socket.oem4f (.text:NDK_socket)
                  0000e0c6    00000002     --HOLE-- [fill = 0]
                  0000e0c8    00000068               : pbm.oem4f (.text:PBM_open)
                  0000e130    00000068               : sock.oem4f (.text:SockListen)
                  0000e198    00000068               : rtable.oem4f (.text:_RtNodeInsert)
                  0000e200    00000068     rtsv7M4_T_le_v4SPD16_eabi.lib : copy_decompress_lzss.c.obj (.text:decompress:lzss:__TI_decompress_lzss)
                  0000e268    00000066     ti.targets.arm.rtsarm.aem4f : Core-mem.oem4f (.text:xdc_runtime_Core_deleteObject__I)
                  0000e2ce    00000002     --HOLE-- [fill = 0]
                  0000e2d0    00000064     nettool_ipv4.aem4f : config.oem4f (.text:CfgFree)
                  0000e334    00000064     drivers_tivaware.aem4f : GPIOTiva.oem4f (.text:GPIO_hwiIntFxn)
                  0000e398    00000064     stk.aem4f : pbm.oem4f (.text:PBMQ_enq)
                  0000e3fc    00000064               : sockint.oem4f (.text:SockSpawnAbort)
                  0000e460    00000064     rtsv7M4_T_le_v4SPD16_eabi.lib : s_frexp.c.obj (.text:frexp)
                  0000e4c4    00000064     httpget.obj (.text:initialize_ADC)
                  0000e528    00000064     hal_timer_bios.aem4f : lltimer.oem4f (.text:llTimerTick)
                  0000e58c    00000064     httpget_pem4f.oem4f (.text:ti_sysbios_family_arm_m3_Hwi_create)
                  0000e5f0    00000064     sysbios.aem4f : BIOS.obj (.text:ti_sysbios_family_arm_m3_Hwi_dispatchC__I)
                  0000e654    00000004     hal_ser_stub.aem4f : llserstb.oem4f (.text:_llSerialInit)
                  0000e658    00000064     sysbios.aem4f : BIOS.obj (.text:ti_sysbios_knl_Semaphore_post__E)
                  0000e6bc    00000064     stk.aem4f : lliin.oem4f (.text:updateRtTable)
                  0000e720    00000062               : ipin.oem4f (.text:IPRouteIP)
                  0000e782    00000002     --HOLE-- [fill = 0]
                  0000e784    00000062               : sb.oem4f (.text:SBNew)
                  0000e7e6    00000002     --HOLE-- [fill = 0]
                  0000e7e8    00000060     nettool_ipv4.aem4f : config.oem4f (.text:CfgGetEntryCnt)
                  0000e848    00000060     stk.aem4f : file.oem4f (.text:FdWaitEvent)
                  0000e8a8    00000060               : nimu.oem4f (.text:NIMUUnregister)
                  0000e908    00000060               : node.oem4f (.text:NodeFind)
                  0000e968    00000060               : rtc.oem4f (.text:RTCMsg)
                  0000e9c8    00000060               : tcp.oem4f (.text:TcpChecksum)
                  0000ea28    00000060     nettool_ipv4.aem4f : dhcptags.oem4f (.text:dhcpBuildOptions)
                  0000ea88    00000060     httpget_pem4f.oem4f (.text:ti_ndk_config_Global_serviceReport)
                  0000eae8    0000005e     stk.aem4f : route.oem4f (.text:RtRemove)
                  0000eb46    0000005e     nettool_ipv4.aem4f : dhcpsm.oem4f (.text:StateSelecting)
                  0000eba4    0000005e     stk.aem4f : vlan.oem4f (.text:VLANReceivePacket)
                  0000ec02    00000002     --HOLE-- [fill = 0]
                  0000ec04    0000005c     nettool_ipv4.aem4f : config.oem4f (.text:CfgSetExecuteOrder)
                  0000ec60    0000005c     stk.aem4f : nimu.oem4f (.text:NIMUIoctlSpecialCmd)
                  0000ecbc    0000005c     netctrl_min_ipv4.aem4f : netsrv.oem4f (.text:SPService)
                  0000ed18    0000005c     httpget_pem4f.oem4f (.text:ti_sysbios_knl_Swi_create)
                  0000ed74    00000004     rtsv7M4_T_le_v4SPD16_eabi.lib : exit.c.obj (.text:abort:abort)
                  0000ed78    0000005c     sysbios.aem4f : BIOS.obj (.text:ti_sysbios_knl_Swi_run__I)
                  0000edd4    00000004     stk.aem4f : listlib.oem4f (.text:list_get_head)
                  0000edd8    0000005c     sysbios.aem4f : BIOS.obj (.text:ti_sysbios_knl_Swi_schedule__I)
                  0000ee34    0000005c     httpget_pem4f.oem4f (.text:ti_sysbios_knl_Task_create)
                  0000ee90    0000005c     sysbios.aem4f : BIOS.obj (.text:ti_sysbios_knl_Task_unblockI__E)
                  0000eeec    0000005b     ti.targets.arm.rtsarm.aem4f : Text.oem4f (.text:xdc_runtime_Text_putLab__E)
                  0000ef47    00000001     --HOLE-- [fill = 0]
                  0000ef48    0000005a     stk.aem4f : route.oem4f (.text:RtRedirect)
                  0000efa2    0000005a               : tcpprot.oem4f (.text:TcpValidateMetrics)
                  0000effc    0000005a     nettool_ipv4.aem4f : dhcpbild.oem4f (.text:dhcpBuildDecline)
                  0000f056    0000005a     os.aem4f : mem.oem4f (.text:mmCopy)
                  0000f0b0    0000005a     httpget_pem4f.oem4f (.text:ti_ndk_config_tcp_init)
                  0000f10a    00000002     --HOLE-- [fill = 0]
                  0000f10c    00000058     stk.aem4f : bind.oem4f (.text:BindFree)
                  0000f164    00000058     boot.aem4f : boot.oem4f (.text)
                  0000f1bc    00000058     driverlib.lib : emac.obj (.text:EMACPHYConfigSet)
                  0000f214    00000058     rtsv7M4_T_le_v4SPD16_eabi.lib : hostwrite.c.obj (.text:HOSTwrite)
                  0000f26c    00000058     stk.aem4f : igmp.oem4f (.text:IGMPTimer)
                  0000f2c4    00000058     os.aem4f : semaphore.oem4f (.text:SemCreate)
                  0000f31c    00000058     sysbios.aem4f : m3_Hwi_asm_switch.obj (.text:ti_sysbios_family_arm_m3_Hwi_initStacks__E)
                  0000f374    00000056     driverlib.lib : gpio.obj (.text:GPIOIntTypeSet)
                  0000f3ca    00000056     rtsv7M4_T_le_v4SPD16_eabi.lib : _printfi.c.obj (.text:_pconv_f)
                  0000f420    00000054     nettool_ipv4.aem4f : config.oem4f (.text:CfgEntryDeRef)
                  0000f474    00000054     stk.aem4f : igmp.oem4f (.text:IGMPLeave)
                  0000f4c8    00000054               : rawethsock_pcb.oem4f (.text:RawEthSockPcbAttach)
                  0000f51c    00000054               : sockpcb.oem4f (.text:SockCleanPcb)
                  0000f570    00000054               : tcptime.oem4f (.text:TcpTimeoutPersist)
                  0000f5c4    00000054     rtsv7M4_T_le_v4SPD16_eabi.lib : _ltoa.c.obj (.text:__TI_ltoa)
                  0000f618    00000054     sysbios.aem4f : BIOS.obj (.text:ti_sysbios_family_arm_lm4_Timer_initDevice__I)
                  0000f66c    00000004     stk.aem4f : listlib.oem4f (.text:list_get_next)
                  0000f670    00000054     sysbios.aem4f : BIOS.obj (.text:ti_sysbios_knl_Swi_Instance_init__E)
                  0000f6c4    00000054     ti.targets.arm.rtsarm.aem4f : Assert.oem4f (.text:xdc_runtime_Assert_raise__I)
                  0000f718    00000052     stk.aem4f : tcpprot.oem4f (.text:TcpPrDetach)
                  0000f76a    00000052     rtsv7M4_T_le_v4SPD16_eabi.lib : _printfi.c.obj (.text:_ecpy)
                  0000f7bc    00000050     drivers_tivaware.aem4f : GPIOTiva.oem4f (.text:GPIO_setCallback)
                  0000f80c    00000050                            : GPIOTiva.oem4f (.text:GPIO_write)
                  0000f85c    00000050     stk.aem4f : socket.oem4f (.text:NDK_bind)
                  0000f8ac    00000050               : socket.oem4f (.text:NDK_connect)
                  0000f8fc    00000050               : route.oem4f (.text:RtNew)
                  0000f94c    00000050     driverlib.lib : sysctl.obj (.text:SysCtlPeripheralReset)
                  0000f99c    00000050     Boot.aem4f : Boot_sysctl.oem4f (.text:_SysCtlFrequencyGet)
                  0000f9ec    00000004     httpget_pem4f.oem4f (.text:ti_sysbios_BIOS_RtsGateProxy_enter__E)
                  0000f9f0    00000050     sysbios.aem4f : BIOS.obj (.text:ti_sysbios_family_arm_m3_Hwi_Module_startup__E)
                  0000fa40    00000050     ti.targets.arm.rtsarm.aem4f : Startup.oem4f (.text:xdc_runtime_Startup_exec__E)
                  0000fa90    00000050                                 : Text.oem4f (.text:xdc_runtime_Text_visitRope2__I)
                  0000fae0    0000004e     stk.aem4f : node.oem4f (.text:NodeDeRef)
                  0000fb2e    0000004e     nettool_ipv4.aem4f : config.oem4f (.text:_CfgEntryScan)
                  0000fb7c    0000004c     httpget.obj (.text:ADCSwi)
                  0000fbc8    0000004c     nettool_ipv4.aem4f : ipaddr.oem4f (.text:NtAddNetwork)
                  0000fc14    0000004c     stk.aem4f : sockint.oem4f (.text:SockValidateRoute)
                  0000fc60    0000004c     rtsv7M4_T_le_v4SPD16_eabi.lib : atoi.c.obj (.text:atoi)
                  0000fcac    0000004c                                   : cpy_tbl.c.obj (.text:copy_in)
                  0000fcf8    0000004c     sysbios.aem4f : BIOS.obj (.text:ti_sysbios_heaps_HeapMem_getStats__E)
                  0000fd44    00000004     httpget_pem4f.oem4f (.text:ti_sysbios_BIOS_RtsGateProxy_leave__E)
                  0000fd48    0000004c     sysbios.aem4f : BIOS.obj (.text:ti_sysbios_knl_Swi_runLoop__I)
                  0000fd94    00000004                   : BIOS.obj (.text:ti_sysbios_family_arm_lm4_Timer_masterEnable__I)
                  0000fd98    0000004c                   : BIOS.obj (.text:ti_sysbios_knl_Task_allBlockedFunction__I)
                  0000fde4    0000004a     netctrl_min_ipv4.aem4f : netsrv.oem4f (.text:ServiceKill)
                  0000fe2e    0000004a     stk.aem4f : sock.oem4f (.text:SockDisconnect)
                  0000fe78    0000004a               : timer.oem4f (.text:TimerNew)
                  0000fec2    00000048     nettool_ipv4.aem4f : config.oem4f (.text:CfgNew)
                  0000ff0a    00000002     --HOLE-- [fill = 0]
                  0000ff0c    00000048     driverlib.lib : gpio.obj (.text:GPIOPinConfigure)
                  0000ff54    00000048     stk.aem4f : lli.oem4f (.text:LLIMsg)
                  0000ff9c    00000048               : node.oem4f (.text:NodeWalk)
                  0000ffe4    00000048               : rawethsock_pcb.oem4f (.text:RawEthSockPcbDetach)
                  0001002c    00000048               : sockpcb.oem4f (.text:SockPcbResolveChain)
                  00010074    00000048               : tcpprot.oem4f (.text:TcpDrop)
                  000100bc    00000048               : lli.oem4f (.text:_LLIExpListInsert)
                  00010104    00000048               : rtable.oem4f (.text:_RtExpListInsert)
                  0001014c    00000048               : file.oem4f (.text:fdint_lockfd)
                  00010194    00000048     rtsv7M4_T_le_v4SPD16_eabi.lib : fd_toi_t2.asm.obj (.text)
                  000101dc    00000004     httpget_pem4f.oem4f (.text:ti_sysbios_family_arm_m3_Hwi_delete)
                  000101e0    00000048     sysbios.aem4f : BIOS.obj (.text:ti_sysbios_family_arm_lm4_Timer_enableTimers__I)
                  00010228    00000048                   : BIOS.obj (.text:ti_sysbios_family_arm_m3_Hwi_disableInterrupt__E)
                  00010270    00000048                   : BIOS.obj (.text:ti_sysbios_family_arm_m3_Hwi_enableInterrupt__E)
                  000102b8    00000048                   : BIOS.obj (.text:ti_sysbios_family_arm_m3_Hwi_excReserved__I)
                  00010300    00000048                   : BIOS.obj (.text:ti_sysbios_knl_Mailbox_Module_startup__E)
                  00010348    00000048                   : BIOS.obj (.text:ti_sysbios_knl_Task_deleteTerminatedTasksFunc__I)
                  00010390    00000046     nettool_ipv4.aem4f : ipaddr.oem4f (.text:NtIfIdx2Ip)
                  000103d6    00000046     stk.aem4f : rawethsock.oem4f (.text:RawEthSockSend)
                  0001041c    00000046               : tcpprot.oem4f (.text:TcpPrCtlError)
                  00010462    00000046     os.aem4f : mem.oem4f (.text:mmZeroInit)
                  000104a8    00000046     ti.targets.arm.rtsarm.aem4f : Core-params.oem4f (.text:xdc_runtime_Core_assignParams__I)
                  000104ee    00000002     --HOLE-- [fill = 0]
                  000104f0    00000044     drivers_tivaware.aem4f : EMACSnow.oem4f (.text:EMACSnow_processTransmitted)
                  00010534    00000044     stk.aem4f : icmp.oem4f (.text:ICMPChecksum)
                  00010578    00000044               : ipfrag.oem4f (.text:IPReasmFree)
                  000105bc    00000044               : lli.oem4f (.text:LLIGetValidTime)
                  00010600    00000044               : rtable.oem4f (.text:RouteMsg)
                  00010644    00000044               : rtable.oem4f (.text:RtWalkEnd)
                  00010688    00000044               : sockpcb.oem4f (.text:SockPcbDetach)
                  000106cc    00000044               : timer.oem4f (.text:TimerListInsert)
                  00010710    00000044     hal_timer_bios.aem4f : lltimer.oem4f (.text:llTimerGetTime)
                  00010754    00000004     httpget_pem4f.oem4f (.text:ti_sysbios_family_arm_m3_TaskSupport_Module__startupDone__S)
                  00010758    00000044     sysbios.aem4f : BIOS.obj (.text:ti_sysbios_family_arm_lm4_Timer_isrStub__E)
                  0001079c    00000004     httpget_pem4f.oem4f (.text:ti_sysbios_heaps_HeapMem_Module_GateProxy_enter__E)
                  000107a0    00000044     sysbios.aem4f : BIOS.obj (.text:ti_sysbios_family_arm_m3_Hwi_getStackInfo__E)
                  000107e4    00000004     httpget_pem4f.oem4f (.text:ti_sysbios_heaps_HeapMem_Module_GateProxy_leave__E)
                  000107e8    00000044     sysbios.aem4f : BIOS.obj (.text:ti_sysbios_knl_Swi_post__E)
                  0001082c    00000044     ti.targets.arm.rtsarm.aem4f : Error.oem4f (.text:xdc_runtime_Error_setX__E)
                  00010870    00000044                                 : SysMin.oem4f (.text:xdc_runtime_SysMin_flush__E)
                  000108b4    00000044                                 : Text.oem4f (.text:xdc_runtime_Text_xprintf__I)
                  000108f8    00000042     stk.aem4f : socket.oem4f (.text:NDK_listen)
                  0001093a    00000042               : tcpprot.oem4f (.text:TcpPrSendOOB)
                  0001097c    00000042               : fileuser.oem4f (.text:fdCloseSession)
                  000109be    00000002     --HOLE-- [fill = 0]
                  000109c0    00000040               : lliin.oem4f (.text:LLIValidateRoute)
                  00010a00    00000040               : pbm.oem4f (.text:PBM_copy)
                  00010a40    00000040               : sockpcb.oem4f (.text:SockPcbRtChange)
                  00010a80    00000040               : tcpprot.oem4f (.text:TcpPrSend)
                  00010ac0    00000040     rtsv7M4_T_le_v4SPD16_eabi.lib : u_divt2.asm.obj (.text)
                  00010b00    00000040                                   : sprintf.c.obj (.text:sprintf)
                  00010b40    00000040     sysbios.aem4f : BIOS.obj (.text:ti_sysbios_family_arm_lm4_Timer_Module_startup__E)
                  00010b80    00000040                   : BIOS.obj (.text:ti_sysbios_family_arm_lm4_Timer_startup__E)
                  00010bc0    00000040                   : BIOS.obj (.text:ti_sysbios_heaps_HeapMem_Instance_init__E)
                  00010c00    0000003e     driverlib.lib : adc.obj (.text:ADCSequenceConfigure)
                  00010c3e    0000003e     nettool_ipv4.aem4f : dhcpmain.oem4f (.text:DHCPClose)
                  00010c7c    0000003e     stk.aem4f : nimu.oem4f (.text:NIMUAllocateName)
                  00010cba    0000003e     os.aem4f : task.oem4f (.text:TaskCreate)
                  00010cf8    0000003e     stk.aem4f : tcpprot.oem4f (.text:TcpPrDisconnect)
                  00010d36    0000003e     rtsv7M4_T_le_v4SPD16_eabi.lib : _printfi.c.obj (.text:_fcpy)
                  00010d74    0000003e     stk.aem4f : file.oem4f (.text:fdint_unlockfd)
                  00010db2    0000003c     nettool_ipv4.aem4f : config.oem4f (.text:CfgEntryGetData)
                  00010dee    0000003c     driverlib.lib : emac.obj (.text:EMACIntDisable)
                  00010e2a    0000003c     stk.aem4f : node.oem4f (.text:NodeUpdatePL)
                  00010e66    00000002     --HOLE-- [fill = 0]
                  00010e68    0000003c               : rtable.oem4f (.text:RtWalkBegin)
                  00010ea4    0000003c               : tcpprot.oem4f (.text:TcpPrConnect)
                  00010ee0    0000003c               : tcptime.oem4f (.text:TcpSetPersist)
                  00010f1c    0000003c               : rtc.oem4f (.text:_RTCSendRtAdv)
                  00010f58    0000003c               : rtable.oem4f (.text:_RtNodeRemove)
                  00010f94    0000003c     hal_timer_bios.aem4f : lltimer.oem4f (.text:_llTimerInit)
                  00010fd0    0000003c     sysbios.aem4f : BIOS.obj (.text:ti_sysbios_family_arm_m3_Hwi_excSvCall__I)
                  0001100c    00000004     httpget_pem4f.oem4f (.text:ti_sysbios_knl_Clock_TimerProxy_getMaxTicks__E)
                  00011010    0000003c     sysbios.aem4f : BIOS.obj (.text:ti_sysbios_heaps_HeapMem_init__I)
                  0001104c    00000004     httpget_pem4f.oem4f (.text:ti_sysbios_knl_Queue_destruct)
                  00011050    0000003c     sysbios.aem4f : BIOS.obj (.text:ti_sysbios_knl_Clock_Instance_init__E)
                  0001108c    00000004     httpget_pem4f.oem4f (.text:ti_sysbios_knl_Semaphore_delete)
                  00011090    0000003c     sysbios.aem4f : BIOS.obj (.text:ti_sysbios_knl_Swi_restore__E)
                  000110cc    0000003a     driverlib.lib : emac.obj (.text:EMACIntEnable)
                  00011106    00000002     --HOLE-- [fill = 0]
                  00011108    00000038                   : emac.obj (.text:EMACConfigGet)
                  00011140    00000038     stk.aem4f : ipfrag.oem4f (.text:IPReasmTimeout)
                  00011178    00000038               : node.oem4f (.text:NodeGetRt)
                  000111b0    00000038     driverlib.lib : sysctl.obj (.text:SysCtlPeripheralReady)
                  000111e8    00000038     stk.aem4f : tcpprot.oem4f (.text:TcpClose)
                  00011220    00000038               : timer.oem4f (.text:TimerHSTick)
                  00011258    00000038     rtsv7M4_T_le_v4SPD16_eabi.lib : trgmsg.c.obj (.text:__TI_writemsg)
                  00011290    00000038     nettool_ipv4.aem4f : dhcpbild.oem4f (.text:dhcpBuildDiscover)
                  000112c8    00000038                        : dhcptags.oem4f (.text:dhcpOptionsClear)
                  00011300    00000038     stk.aem4f : file.oem4f (.text:fdint_waitevent)
                  00011338    00000038     rtsv7M4_T_le_v4SPD16_eabi.lib : fs_tod_t2.asm.obj (.text)
                  00011370    00000038     sysbios.aem4f : BIOS.obj (.text:ti_sysbios_family_arm_m3_Hwi_excNoIsr__I)
                  000113a8    00000038     httpget_pem4f.oem4f (.text:ti_sysbios_knl_Clock_create)
                  000113e0    00000038     ti.targets.arm.rtsarm.aem4f : SysMin.oem4f (.text:xdc_runtime_SysMin_putch__E)
                  00011418    00000038                                 : System.oem4f (.text:xdc_runtime_System_atexit__E)
                  00011450    00000036     stk.aem4f : ip.oem4f (.text:IPChecksum)
                  00011486    00000002     --HOLE-- [fill = 0]
                  00011488    00000035     httpget.obj (.text:printError)
                  000114bd    00000003     --HOLE-- [fill = 0]
                  000114c0    00000034     nettool_ipv4.aem4f : config.oem4f (.text:CfgSetService)
                  000114f4    00000034     driverlib.lib : emac.obj (.text:EMACConfigSet)
                  00011528    00000034                   : emac.obj (.text:EMACIntClear)
                  0001155c    00000034     drivers_tivaware.aem4f : EMACSnow.oem4f (.text:EMACSnow_emacPoll)
                  00011590    00000034                            : EMACSnow.oem4f (.text:EMACSnow_isLinkUp)
                  000115c4    00000034                            : EMAC.oem4f (.text:EMAC_init)
                  000115f8    00000034     stk.aem4f : exec.oem4f (.text:ExecClose)
                  0001162c    00000034               : nimu.oem4f (.text:NIMUFindByName)
                  00011660    00000034               : nimu.oem4f (.text:NIMUInit)
                  00011694    00000034               : rawethsock.oem4f (.text:RawEthSockNotify)
                  000116c8    00000034               : sockprot.oem4f (.text:SockPrCtlError)
                  000116fc    00000034     driverlib.lib : sysctl.obj (.text:SysCtlPeripheralEnable)
                  00011730    00000034     rtsv7M4_T_le_v4SPD16_eabi.lib : trgmsg.c.obj (.text:__TI_readmsg)
                  00011764    00000034     os.aem4f : mem.oem4f (.text:mmUnInitPage)
                  00011798    00000034     sysbios.aem4f : BIOS.obj (.text:ti_sysbios_family_arm_m3_Hwi_Instance_finalize__E)
                  000117cc    00000004     httpget_pem4f.oem4f (.text:ti_sysbios_knl_Semaphore_destruct)
                  000117d0    00000034     sysbios.aem4f : BIOS.obj (.text:ti_sysbios_family_arm_m3_Hwi_excNmi__I)
                  00011804    00000004     httpget_pem4f.oem4f (.text:ti_sysbios_knl_Swi_delete)
                  00011808    00000034     sysbios.aem4f : BIOS.obj (.text:ti_sysbios_hal_Hwi_checkStack)
                  0001183c    00000034     httpget_pem4f.oem4f (.text:ti_sysbios_knl_Semaphore_create)
                  00011870    00000034     ti.targets.arm.rtsarm.aem4f : Core-label.oem4f (.text:xdc_runtime_Core_assignLabel__I)
                  000118a4    00000033                                 : Text.oem4f (.text:xdc_runtime_Text_printVisFxn__I)
                  000118d7    00000001     --HOLE-- [fill = 0]
                  000118d8    00000032     nettool_ipv4.aem4f : config.oem4f (.text:CfgGetImmediate)
                  0001190a    00000032     stk.aem4f : route.oem4f (.text:RtDeRef)
                  0001193c    00000032               : route.oem4f (.text:RtSetFailure)
                  0001196e    00000032               : sb.oem4f (.text:SBFlush)
                  000119a0    00000032               : sb.oem4f (.text:SBSetMax)
                  000119d2    00000032               : sock.oem4f (.text:SockIntAbort)
                  00011a04    00000032     nettool_ipv4.aem4f : config.oem4f (.text:_CfgAcquire)
                  00011a36    00000032                        : dhcpsm.oem4f (.text:dhcpIPRemove)
                  00011a68    00000032     sysbios.aem4f : BIOS.obj (.text:ti_sysbios_hal_Hwi_initStack)
                  00011a9a    00000006     driverlib.lib : emac.obj (.text:EMACRxDMADescriptorListSet)
                  00011aa0    00000032     sysbios.aem4f : BIOS.obj (.text:ti_sysbios_knl_Semaphore_pendTimeout__I)
                  00011ad2    00000030     driverlib.lib : emac.obj (.text:EMACAddrSet)
                  00011b02    00000002     --HOLE-- [fill = 0]
                  00011b04    00000030     drivers_tivaware.aem4f : EMACSnow.oem4f (.text:EMACSnow_handlePackets)
                  00011b34    00000030     netctrl_min_ipv4.aem4f : netsrv.oem4f (.text:NS_PreBoot)
                  00011b64    00000030     stk.aem4f : sock.oem4f (.text:SockBind)
                  00011b94    00000030               : sock.oem4f (.text:SockGetName)
                  00011bc4    00000030     nettool_ipv4.aem4f : dhcpsock.oem4f (.text:dhcpPacketSend)
                  00011bf4    00000030     stk.aem4f : listlib.oem4f (.text:list_remove_node)
                  00011c24    00000030     httpget_pem4f.oem4f (.text:ti_sysbios_BIOS_atExitFunc__I)
                  00011c54    00000004     httpget_pem4f.oem4f (.text:ti_sysbios_knl_Task_delete)
                  00011c58    00000030     sysbios.aem4f : BIOS.obj (.text:ti_sysbios_family_arm_lm4_Timer_stop__E)
                  00011c88    00000030                   : BIOS.obj (.text:ti_sysbios_family_arm_m3_TaskSupport_start__E)
                  00011cb8    00000030     httpget_pem4f.oem4f (.text:ti_sysbios_gates_GateHwi_Object__create__S)
                  00011ce8    00000030     httpget_pem4f.oem4f (.text:ti_sysbios_gates_GateMutex_Object__create__S)
                  00011d18    00000030     sysbios.aem4f : BIOS.obj (.text:ti_sysbios_gates_GateMutex_enter__E)
                  00011d48    00000030     httpget_pem4f.oem4f (.text:ti_sysbios_heaps_HeapMem_Object__create__S)
                  00011d78    00000030     sysbios.aem4f : BIOS.obj (.text:ti_sysbios_knl_Mailbox_postInit__I)
                  00011da8    00000030     httpget_pem4f.oem4f (.text:ti_sysbios_knl_Semaphore_construct)
                  00011dd8    00000030     sysbios.aem4f : BIOS.obj (.text:ti_sysbios_knl_Task_processVitalTaskFlag__I)
                  00011e08    00000030     ti.targets.arm.rtsarm.aem4f : SysMin.oem4f (.text:xdc_runtime_SysMin_abort__E)
                  00011e38    00000030                                 : System.oem4f (.text:xdc_runtime_System_processAtExit__E)
                  00011e68    0000002e     driverlib.lib : adc.obj (.text:ADCIntStatus)
                  00011e96    0000002e     stk.aem4f : sb.oem4f (.text:SBFree)
                  00011ec4    0000002e     rtsv7M4_T_le_v4SPD16_eabi.lib : i_tofd_t2.asm.obj (.text)
                  00011ef2    0000002c     driverlib.lib : emac.obj (.text:EMACIntStatus)
                  00011f1e    0000002c     stk.aem4f : file.oem4f (.text:FdSignalEvent)
                  00011f4a    00000002     --HOLE-- [fill = 0]
                  00011f4c    0000002c               : igmp.oem4f (.text:IGMPTestGroup)
                  00011f78    0000002c     os.aem4f : task.oem4f (.text:NDK_hookCreate)
                  00011fa4    0000002c     stk.aem4f : nimu.oem4f (.text:NIMUAllocateIndex)
                  00011fd0    0000002c               : nimu.oem4f (.text:NIMUPacketServiceCheck)
                  00011ffc    0000002c               : pipe.oem4f (.text:PipeClose)
                  00012028    0000002c               : sockpcb.oem4f (.text:SockPcbAttach)
                  00012054    0000002c               : lli.oem4f (.text:_LLIExpListRemove)
                  00012080    0000002c               : lli.oem4f (.text:_LLITimeoutFlush)
                  000120ac    0000002c               : rtable.oem4f (.text:_RtExpListRemove)
                  000120d8    0000002c     httpget_pem4f.oem4f (.text:ti_sysbios_knl_Clock_doTick__I)
                  00012104    0000002c     httpget_pem4f.oem4f (.text:ti_sysbios_knl_Queue_construct)
                  00012130    0000002c     sysbios.aem4f : BIOS.obj (.text:ti_sysbios_knl_Task_restore__E)
                  0001215c    0000002c     ti.targets.arm.rtsarm.aem4f : Text.oem4f (.text:xdc_runtime_Text_cordText__E)
                  00012188    0000002a     driverlib.lib : gpio.obj (.text:GPIODirModeSet)
                  000121b2    0000002a     stk.aem4f : pbm.oem4f (.text:PBMQ_deq)
                  000121dc    0000002a     netctrl_min_ipv4.aem4f : netsrv.oem4f (.text:ServiceCallback)
                  00012206    0000002a     nettool_ipv4.aem4f : config.oem4f (.text:_CfgRelease)
                  00012230    0000002a     ti.targets.arm.rtsarm.aem4f : System.oem4f (.text:xdc_runtime_System_putchar__I)
                  0001225a    00000002     --HOLE-- [fill = 0]
                  0001225c    00000028     stk.aem4f : bind.oem4f (.text:BindFindByNet)
                  00012284    00000028               : lli.oem4f (.text:LLIFree)
                  000122ac    00000028     netctrl_min_ipv4.aem4f : netctrl.oem4f (.text:NC_SystemClose)
                  000122d4    00000028     stk.aem4f : nimu.oem4f (.text:NIMUCreatePacket)
                  000122fc    00000028               : nimu.oem4f (.text:NIMUPacketService)
                  00012324    00000028               : tcpin.oem4f (.text:TcpEnterTimeWait)
                  0001234c    00000028               : timer.oem4f (.text:TimerListRemove)
                  00012374    00000028               : vlan.oem4f (.text:VLANFindSourceInterface)
                  0001239c    00000028               : vlan.oem4f (.text:VLANInit)
                  000123c4    00000028     nettool_ipv4.aem4f : dhcpsock.oem4f (.text:dhcpPacketReceive)
                  000123ec    00000028     drivers_tivaware.aem4f : EMACSnow.oem4f (.text:signalLinkChange)
                  00012414    00000004     ti.targets.arm.rtsarm.aem4f : Error.oem4f (.text:xdc_runtime_Error_getMsg__E)
                  00012418    00000028     sysbios.aem4f : BIOS.obj (.text:ti_sysbios_knl_Clock_addI__E)
                  00012440    00000028                   : BIOS.obj (.text:ti_sysbios_knl_Swi_Module_startup__E)
                  00012468    00000026     nettool_ipv4.aem4f : config.oem4f (.text:CfgEntryInfo)
                  0001248e    00000026     driverlib.lib : emac.obj (.text:EMACPHYRead)
                  000124b4    00000026                   : emac.obj (.text:EMACPHYWrite)
                  000124da    00000026     stk.aem4f : rawethsock.oem4f (.text:RawEthSockClose)
                  00012500    00000026     sysbios.aem4f : m3_Hwi_asm.obj (.text:ti_sysbios_family_arm_m3_Hwi_pendSV__I)
                  00012526    00000026     ti.targets.arm.rtsarm.aem4f : System.oem4f (.text:xdc_runtime_System_avprintf__E)
                  0001254c    00000024     stk.aem4f : bind.oem4f (.text:BindFindByHost)
                  00012570    00000024               : bind.oem4f (.text:BindGetIFByDBCast)
                  00012594    00000024     drivers_tivaware.aem4f : EMACSnow.oem4f (.text:EMACSnow_pkt_service)
                  000125b8    00000024                            : EMACSnow.oem4f (.text:EMACSnow_primeRx)
                  000125dc    00000024     stk.aem4f : exec.oem4f (.text:ExecTimer)
                  00012600    00000024               : nimu.oem4f (.text:NIMUFindByIndex)
                  00012624    00000024               : rtc.oem4f (.text:RTCAddHook)
                  00012648    00000024               : rawethsock_pcb.oem4f (.text:RawEthSockPcbFind)
                  0001266c    00000024               : route.oem4f (.text:RtFree)
                  00012690    00000024               : route.oem4f (.text:RtSetTimeout)
                  000126b4    00000024               : sockpcb.oem4f (.text:SockPcbCleanup)
                  000126d8    00000024               : tcpprot.oem4f (.text:TcpPrListen)
                  000126fc    00000024               : tcptime.oem4f (.text:TcpTimeoutWait2)
                  00012720    00000024     nettool_ipv4.aem4f : config.oem4f (.text:_CfgEntryProcess)
                  00012744    00000024     httpget.obj (.text:getTimeStr)
                  00012768    00000024     httpget_pem4f.oem4f (.text:ti_sysbios_BIOS_errorRaiseHook__I)
                  0001278c    00000024     httpget_pem4f.oem4f (.text:ti_sysbios_BIOS_registerRTSLock__I)
                  000127b0    00000024     httpget_pem4f.oem4f (.text:ti_sysbios_BIOS_removeRTSLock__I)
                  000127d4    00000024     httpget_pem4f.oem4f (.text:ti_sysbios_BIOS_startFunc__I)
                  000127f8    00000024     httpget_pem4f.oem4f (.text:ti_sysbios_gates_GateMutex_Object__delete__S)
                  0001281c    00000004     ti.targets.arm.rtsarm.aem4f : Error.oem4f (.text:xdc_runtime_Error_getSite__E)
                  00012820    00000024     sysbios.aem4f : BIOS.obj (.text:ti_sysbios_knl_Clock_Module_startup__E)
                  00012844    00000004     httpget_pem4f.oem4f (.text:xdc_runtime_System_Module_GateProxy_enter__E)
                  00012848    00000024     sysbios.aem4f : BIOS.obj (.text:ti_sysbios_knl_Clock_start__E)
                  0001286c    00000004     httpget_pem4f.oem4f (.text:xdc_runtime_System_Module_GateProxy_leave__E)
                  00012870    00000024     sysbios.aem4f : BIOS.obj (.text:ti_sysbios_knl_Semaphore_Instance_init__E)
                  00012894    00000024     httpget_pem4f.oem4f (.text:ti_sysbios_knl_Semaphore_Object__delete__S)
                  000128b8    00000024     sysbios.aem4f : BIOS.obj (.text:ti_sysbios_knl_Task_restoreHwi__E)
                  000128dc    00000024     ti.targets.arm.rtsarm.aem4f : System.oem4f (.text:xdc_runtime_System_vprintf__E)
                  00012900    00000022     nettool_ipv4.aem4f : config.oem4f (.text:CfgEntryRef)
                  00012922    00000022     stk.aem4f : vlan.oem4f (.text:VLANFindNode)
                  00012944    00000004     ti.targets.arm.rtsarm.aem4f : System.oem4f (.text:xdc_runtime_System_aprintf_va__F)
                  00012948    00000022     sysbios.aem4f : BIOS.obj (.text:ti_sysbios_family_arm_lm4_Timer_write__I)
                  0001296a    00000022     httpget_pem4f.oem4f (.text:xdc_runtime_SysMin_output__I)
                  0001298c    00000020     netctrl_min_ipv4.aem4f : netctrl.oem4f (.text:NC_BootComplete)
                  000129ac    00000020     stk.aem4f : nimu.oem4f (.text:NIMUGetNumOfObject)
                  000129cc    00000020               : rtc.oem4f (.text:RTCRemoveHook)
                  000129ec    00000020               : tcp.oem4f (.text:TcpTimeoutRemove)
                  00012a0c    00000020     Boot.aem4f : Boot_sysctl.oem4f (.text:_SysCtlMemTimingGet)
                  00012a2c    00000020     httpget_pem4f.oem4f (.text:ti_sysbios_BIOS_rtsLock__I)
                  00012a4c    00000004     ti.targets.arm.rtsarm.aem4f : System.oem4f (.text:xdc_runtime_System_printf_va__F)
                  00012a50    00000020     sysbios.aem4f : BIOS.obj (.text:ti_sysbios_family_arm_lm4_Timer_postInit__I)
                  00012a70    00000020     httpget_pem4f.oem4f (.text:ti_sysbios_family_arm_m3_Hwi_Object__delete__S)
                  00012a90    00000020     sysbios.aem4f : m3_Hwi_asm.obj (.text:ti_sysbios_family_arm_m3_Hwi_excHandlerAsm__I)
                  00012ab0    00000020                   : BIOS.obj (.text:ti_sysbios_family_arm_m3_Hwi_excHandler__I)
                  00012ad0    00000020     httpget_pem4f.oem4f (.text:ti_sysbios_gates_GateHwi_Object__delete__S)
                  00012af0    00000020     httpget_pem4f.oem4f (.text:ti_sysbios_heaps_HeapMem_Object__delete__S)
                  00012b10    00000020     sysbios.aem4f : BIOS.obj (.text:ti_sysbios_knl_Idle_run__E)
                  00012b30    00000020     httpget_pem4f.oem4f (.text:ti_sysbios_knl_Semaphore_Object__destruct__S)
                  00012b50    00000020     httpget_pem4f.oem4f (.text:ti_sysbios_knl_Swi_Object__delete__S)
                  00012b70    00000020     httpget_pem4f.oem4f (.text:ti_sysbios_knl_Task_Object__delete__S)
                  00012b90    00000020     httpget.obj (.text:timerHWI)
                  00012bb0    00000020     ti.targets.arm.rtsarm.aem4f : Registry.oem4f (.text:xdc_runtime_Registry_findById__E)
                  00012bd0    00000020                                 : SysMin.oem4f (.text:xdc_runtime_SysMin_Module_startup__E)
                  00012bf0    0000001e     driverlib.lib : adc.obj (.text:ADCSequenceDataGet)
                  00012c0e    0000001e     stk.aem4f : listlib.oem4f (.text:list_remove)
                  00012c2c    0000001e     httpget.obj (.text:recv)
                  00012c4a    0000001e     httpget.obj (.text:send)
                  00012c68    0000001e     rtsv7M4_T_le_v4SPD16_eabi.lib : strcat.c.obj (.text:strcat)
                  00012c86    0000001e     sysbios.aem4f : m3_Hwi_asm_switch.obj (.text:ti_sysbios_family_xxx_Hwi_switchAndRunFunc)
                  00012ca4    0000001c     stk.aem4f : bind.oem4f (.text:BindFindByIF)
                  00012cc0    0000001c               : exec.oem4f (.text:ExecBroadcast)
                  00012cdc    0000001c     os.aem4f : ossys.oem4f (.text:NDK_sprintf)
                  00012cf8    0000001c     stk.aem4f : nimu.oem4f (.text:NIMUAddHeader)
                  00012d14    0000001c               : sockprot.oem4f (.text:SockPrDetach)
                  00012d30    0000001c     os.aem4f : task.oem4f (.text:TaskDestroy)
                  00012d4c    0000001c     drivers_tivaware.aem4f : GPIOTiva.oem4f (.text:getGpioIntIndex)
                  00012d68    0000001c     httpget.obj (.text:getTemperature)
                  00012d84    0000001c     rtsv7M4_T_le_v4SPD16_eabi.lib : memccpy.c.obj (.text:memccpy)
                  00012da0    0000001c     httpget_pem4f.oem4f (.text:ti_ndk_config_global_taskCreateHook)
                  00012dbc    00000004     --HOLE-- [fill = 0]
                  00012dc0    0000001c     sysbios.aem4f : BIOS.obj (.text:ti_sysbios_gates_GateMutex_Instance_init__E)
                  00012ddc    0000001c     httpget_pem4f.oem4f (.text:ti_sysbios_knl_Queue_Object__destruct__S)
                  00012df8    0000001c     sysbios.aem4f : BIOS.obj (.text:ti_sysbios_knl_Queue_get__E)
                  00012e14    00000004     --HOLE-- [fill = 0]
                  00012e18    0000001c                   : BIOS.obj (.text:ti_sysbios_knl_Queue_put__E)
                  00012e34    00000004     --HOLE-- [fill = 0]
                  00012e38    0000001c                   : BIOS.obj (.text:ti_sysbios_knl_Task_enter__I)
                  00012e54    0000001c     ti.targets.arm.rtsarm.aem4f : Error.oem4f (.text:xdc_runtime_Error_raiseX__E)
                  00012e70    0000001c                                 : Memory.oem4f (.text:xdc_runtime_Memory_valloc__E)
                  00012e8c    0000001c                                 : SysMin.oem4f (.text:xdc_runtime_SysMin_exit__E)
                  00012ea8    0000001c                                 : System.oem4f (.text:xdc_runtime_System_abort__E)
                  00012ec4    0000001a     stk.aem4f : bind.oem4f (.text:BindGetIP)
                  00012ede    0000001a               : sockint.oem4f (.text:SockSetOOBMark)
                  00012ef8    0000001a     rtsv7M4_T_le_v4SPD16_eabi.lib : s_copysign.c.obj (.text:copysign)
                  00012f12    0000001a     stk.aem4f : file.oem4f (.text:fdint_getfdt)
                  00012f2c    0000001a     httpget_pem4f.oem4f (.text:ti_sysbios_family_arm_m3_Hwi_Handle__label__S)
                  00012f46    0000001a     httpget_pem4f.oem4f (.text:ti_sysbios_gates_GateHwi_Handle__label__S)
                  00012f60    0000001a     httpget_pem4f.oem4f (.text:ti_sysbios_gates_GateMutex_Handle__label__S)
                  00012f7a    0000001a     httpget_pem4f.oem4f (.text:ti_sysbios_heaps_HeapMem_Handle__label__S)
                  00012f94    0000001a     httpget_pem4f.oem4f (.text:ti_sysbios_knl_Swi_Handle__label__S)
                  00012fae    0000001a     httpget_pem4f.oem4f (.text:ti_sysbios_knl_Task_Handle__label__S)
                  00012fc8    0000001a     sysbios.aem4f : BIOS.obj (.text:ti_sysbios_knl_Task_sleepTimeout__I)
                  00012fe2    0000001a     httpget_pem4f.oem4f (.text:xdc_runtime_System_aprintf__E)
                  00012ffc    0000001a     httpget_pem4f.oem4f (.text:xdc_runtime_System_printf__E)
                  00013016    00000018     driverlib.lib : adc.obj (.text:ADCProcessorTrigger)
                  0001302e    00000002     --HOLE-- [fill = 0]
                  00013030    00000018     drivers_tivaware.aem4f : EMACSnow.oem4f (.text:EMACSnow_emacSend)
                  00013048    00000018     stk.aem4f : ip.oem4f (.text:IPRtChange)
                  00013060    00000018               : rawethsock_pcb.oem4f (.text:RawEthSockPcbCleanup)
                  00013078    00000018     nettool_ipv4.aem4f : ipaddr.oem4f (.text:RouteHook)
                  00013090    00000018     stk.aem4f : tcpin.oem4f (.text:SEQ_GEQ)
                  000130a8    00000018               : tcpout.oem4f (.text:SEQ_GEQ)
                  000130c0    00000018               : tcpin.oem4f (.text:SEQ_GT)
                  000130d8    00000018               : tcpout.oem4f (.text:SEQ_GT)
                  000130f0    00000018               : tcpin.oem4f (.text:SEQ_LEQ)
                  00013108    00000018               : tcpout.oem4f (.text:SEQ_LEQ)
                  00013120    00000018               : tcpin.oem4f (.text:SEQ_LT)
                  00013138    00000018               : tcpout.oem4f (.text:SEQ_LT)
                  00013150    00000018               : tcp.oem4f (.text:TcpTimeoutAdd)
                  00013168    00000018     rtsv7M4_T_le_v4SPD16_eabi.lib : args_main.c.obj (.text:_args_main)
                  00013180    00000018                                   : sprintf.c.obj (.text:_outs)
                  00013198    00000018     nettool_ipv4.aem4f : dhcpsock.oem4f (.text:dhcpSocketClose)
                  000131b0    00000018     stk.aem4f : listlib.oem4f (.text:list_add)
                  000131c8    00000018     rtsv7M4_T_le_v4SPD16_eabi.lib : strcmp.c.obj (.text:strcmp)
                  000131e0    00000018     httpget_pem4f.oem4f (.text:ti_sysbios_BIOS_rtsUnlock__I)
                  000131f8    00000018     httpget_pem4f.oem4f (.text:ti_sysbios_family_arm_lm4_Timer_Module__startupDone__F)
                  00013210    00000018     httpget_pem4f.oem4f (.text:ti_sysbios_family_arm_m3_Hwi_Module__startupDone__F)
                  00013228    00000018     sysbios.aem4f : m3_TaskSupport_asm.obj (.text:ti_sysbios_family_arm_m3_TaskSupport_swap__E)
                  00013240    00000018                   : BIOS.obj (.text:ti_sysbios_gates_GateMutex_leave__E)
                  00013258    00000018                   : BIOS.obj (.text:ti_sysbios_knl_Task_unblock__E)
                  00013270    00000018     ti.targets.arm.rtsarm.aem4f : Error.oem4f (.text:xdc_runtime_Error_check__E)
                  00013288    00000018                                 : System.oem4f (.text:xdc_runtime_System_exit__E)
                  000132a0    00000018                                 : Text.oem4f (.text:xdc_runtime_Text_ropeText__E)
                  000132b8    00000016     driverlib.lib : emac.obj (.text:EMACReset)
                  000132ce    00000016                   : emac.obj (.text:EMACRxEnable)
                  000132e4    00000016                   : emac.obj (.text:EMACTxEnable)
                  000132fa    00000016     stk.aem4f : file.oem4f (.text:fdint_freefdt)
                  00013310    00000016     rtsv7M4_T_le_v4SPD16_eabi.lib : strchr.c.obj (.text:strchr)
                  00013326    00000016     httpget_pem4f.oem4f (.text:ti_sysbios_BIOS_exitFunc__I)
                  0001333c    00000016     httpget.obj (.text:ti_sysbios_knl_Task_Params_init)
                  00013352    00000016     ti.targets.arm.rtsarm.aem4f : System.oem4f (.text:xdc_runtime_System_vsprintf__E)
                  00013368    00000014     stk.aem4f : bind.oem4f (.text:BindIPHost2IF)
                  0001337c    00000014     driverlib.lib : flash.obj (.text:FlashUserGet)
                  00013390    00000014     netctrl_min_ipv4.aem4f : netctrl.oem4f (.text:NC_NetStop)
                  000133a4    00000014     os.aem4f : task.oem4f (.text:NDK_hookExit)
                  000133b8    00000014     stk.aem4f : nimu.oem4f (.text:NIMUSendPacket)
                  000133cc    00000014     nettool_ipv4.aem4f : ipaddr.oem4f (.text:NtRemoveNetwork)
                  000133e0    00000014     stk.aem4f : rawethsock_pcb.oem4f (.text:RawEthSockPcbInit)
                  000133f4    00000014               : timer.oem4f (.text:TimerFree)
                  00013408    00000014     httpget.obj (.text:accept)
                  0001341c    00000014     httpget.obj (.text:bind)
                  00013430    00000014     httpget.obj (.text:connect)
                  00013444    00000014     httpget.obj (.text:socket)
                  00013458    00000014     rtsv7M4_T_le_v4SPD16_eabi.lib : strcpy.c.obj (.text:strcpy)
                  0001346c    00000014                                   : strlen.c.obj (.text:strlen)
                  00013480    00000014     httpget_pem4f.oem4f (.text:ti_ndk_config_global_taskExitHook)
                  00013494    00000014     httpget_pem4f.oem4f (.text:ti_sysbios_family_arm_m3_Hwi_Object__get__S)
                  000134a8    00000014     sysbios.aem4f : BIOS.obj (.text:ti_sysbios_family_arm_m3_Hwi_switchFromBootStack__E)
                  000134bc    00000014     httpget_pem4f.oem4f (.text:ti_sysbios_heaps_HeapMem_Object__get__S)
                  000134d0    00000014     httpget_pem4f.oem4f (.text:ti_sysbios_knl_Mailbox_Object__get__S)
                  000134e4    00000014     httpget_pem4f.oem4f (.text:ti_sysbios_knl_Swi_Object__get__S)
                  000134f8    00000014     httpget_pem4f.oem4f (.text:ti_sysbios_knl_Task_Object__first__S)
                  0001350c    00000014     httpget_pem4f.oem4f (.text:ti_sysbios_knl_Task_Object__next__S)
                  00013520    00000012     driverlib.lib : gpio.obj (.text:GPIOPinTypeADC)
                  00013532    00000012                   : gpio.obj (.text:GPIOPinTypeEthernetLED)
                  00013544    00000012     stk.aem4f : sockprot.oem4f (.text:SockPrAttach)
                  00013556    00000012               : sockint.oem4f (.text:SockSetOOBData)
                  00013568    00000012     rtsv7M4_T_le_v4SPD16_eabi.lib : atof.c.obj (.text:atof)
                  0001357a    00000012     httpget.obj (.text:netIPAddrHook)
                  0001358c    00000004     --HOLE-- [fill = 0]
                  00013590    00000012     sysbios.aem4f : BIOS.obj (.text:ti_sysbios_hal_Hwi_Module_startup__E)
                  000135a2    00000006     driverlib.lib : emac.obj (.text:EMACTxDMADescriptorListSet)
                  000135a8    00000012     sysbios.aem4f : BIOS.obj (.text:ti_sysbios_hal_Timer_Module_startup__E)
                  000135ba    00000006     driverlib.lib : gpio.obj (.text:GPIOIntClear)
                  000135c0    00000012     sysbios.aem4f : BIOS.obj (.text:ti_sysbios_knl_Semaphore_reset__E)
                  000135d2    00000012     rtsv7M4_T_le_v4SPD16_eabi.lib : wcslen.c.obj (.text:wcslen)
                  000135e4    00000012     httpget_pem4f.oem4f (.text:xdc_runtime_Startup_exec__I)
                  000135f6    00000002     --HOLE-- [fill = 0]
                  000135f8    00000010     httpget_pem4f.oem4f (.text:.bootCodeSection:ti_catalog_arm_cortexm4_tiva_ce_Boot_init__I)
                  00013608    00000010     stk.aem4f : bind.oem4f (.text:BindIF2IPHost)
                  00013618    00000010               : bind.oem4f (.text:BindIFNet2IPHost)
                  00013628    00000010     driverlib.lib : emac.obj (.text:EMACFrameFilterSet)
                  00013638    00000010     stk.aem4f : exec.oem4f (.text:ExecHRef)
                  00013648    00000010     netctrl_min_ipv4.aem4f : netctrl.oem4f (.text:NC_IPUpdate)
                  00013658    00000010     stk.aem4f : nimu.oem4f (.text:NIMUGetRsvdSizeInfo)
                  00013668    00000010     httpget.obj (.text:listen)
                  00013678    00000010     sysbios.aem4f : BIOS.obj (.text:ti_sysbios_BIOS_exit__E)
                  00013688    00000010                   : BIOS.obj (.text:ti_sysbios_BIOS_getCpuFreq__E)
                  00013698    00000010                   : BIOS.obj (.text:ti_sysbios_BIOS_setThreadType__E)
                  000136a8    00000010                   : BIOS.obj (.text:ti_sysbios_BIOS_start__E)
                  000136b8    00000010                   : m3_TaskSupport_asm.obj (.text:ti_sysbios_family_arm_m3_TaskSupport_glue)
                  000136c8    00000010                   : BIOS.obj (.text:ti_sysbios_gates_GateMutex_Instance_finalize__E)
                  000136d8    00000010                   : BIOS.obj (.text:ti_sysbios_knl_Semaphore_Instance_finalize__E)
                  000136e8    00000010                   : BIOS.obj (.text:ti_sysbios_knl_Swi_disable__E)
                  000136f8    00000010     httpget_pem4f.oem4f (.text:ti_sysbios_knl_Task_Object__get__S)
                  00013708    00000010     sysbios.aem4f : BIOS.obj (.text:ti_sysbios_knl_Task_disable__E)
                  00013718    00000010     ti.targets.arm.rtsarm.aem4f : Gate.oem4f (.text:xdc_runtime_Gate_leaveSystem__E)
                  00013728    00000010                                 : Memory.oem4f (.text:xdc_runtime_Memory_free__E)
                  00013738    00000010                                 : SysMin.oem4f (.text:xdc_runtime_SysMin_ready__E)
                  00013748    00000010                                 : System.oem4f (.text:xdc_runtime_System_vsnprintf__E)
                  00013758    00000010     httpget_pem4f.oem4f (.text:xdc_runtime_Text_visitRope__I)
                  00013768    0000000e     driverlib.lib : adc.obj (.text:ADCSequenceEnable)
                  00013776    0000000e     drivers_tivaware.aem4f : EMACSnow.oem4f (.text:EMACSnow_emacioctl)
                  00013784    0000000e     stk.aem4f : exec.oem4f (.text:ExecLowResource)
                  00013792    0000000e     driverlib.lib : gpio.obj (.text:GPIOIntStatus)
                  000137a0    0000000e     rtsv7M4_T_le_v4SPD16_eabi.lib : copy_decompress_none.c.obj (.text:decompress:none:__TI_decompress_none)
                  000137ae    00000002     --HOLE-- [fill = 0]
                  000137b0    0000000e     sysbios.aem4f : BIOS.obj (.text:ti_sysbios_knl_Clock_removeI__E)
                  000137be    00000002     --HOLE-- [fill = 0]
                  000137c0    0000000e                   : BIOS.obj (.text:ti_sysbios_knl_Idle_loop__E)
                  000137ce    00000002     --HOLE-- [fill = 0]
                  000137d0    0000000e                   : BIOS.obj (.text:ti_sysbios_knl_Queue_empty__E)
                  000137de    00000002     --HOLE-- [fill = 0]
                  000137e0    0000000c     stk.aem4f : bind.oem4f (.text:BindGetFirst)
                  000137ec    0000000c     nettool_ipv4.aem4f : config.oem4f (.text:CfgSetDefault)
                  000137f8    0000000c     drivers_tivaware.aem4f : EMACSnow.oem4f (.text:EMACSnow_init)
                  00013804    0000000c     os.aem4f : task.oem4f (.text:NDK_hookInit)
                  00013810    0000000c     stk.aem4f : nimu.oem4f (.text:NIMUSetRsvdSizeInfo)
                  0001381c    0000000c     os.aem4f : task.oem4f (.text:NotifyLowResource)
                  00013828    0000000c     stk.aem4f : pbm.oem4f (.text:PBM_close)
                  00013834    0000000c     os.aem4f : semaphore.oem4f (.text:SemDelete)
                  00013840    0000000c     hal_timer_bios.aem4f : lltimer.oem4f (.text:_llTimerShutdown)
                  0001384c    0000000c     rtsv7M4_T_le_v4SPD16_eabi.lib : _lock.c.obj (.text:_register_lock)
                  00013858    0000000c                                   : _lock.c.obj (.text:_register_unlock)
                  00013864    0000000c     httpget.obj (.text:close)
                  00013870    0000000c     rtsv7M4_T_le_v4SPD16_eabi.lib : copy_zero_init.c.obj (.text:decompress:ZI:__TI_zero_init)
                  0001387c    0000000c     hal_timer_bios.aem4f : lltimer.oem4f (.text:llTimerGetStartTime)
                  00013888    0000000c     sysbios.aem4f : BIOS.obj (.text:ti_sysbios_BIOS_getThreadType__E)
                  00013894    00000004     --HOLE-- [fill = 0]
                  00013898    0000000c                   : BIOS.obj (.text:ti_sysbios_family_arm_lm4_Timer_getMaxTicks__E)
                  000138a4    0000000c     httpget_pem4f.oem4f (.text:ti_sysbios_family_arm_m3_Hwi_Params__init__S)
                  000138b0    0000000c     sysbios.aem4f : BIOS.obj (.text:ti_sysbios_family_arm_m3_Hwi_disableFxn__E)
                  000138bc    00000004     --HOLE-- [fill = 0]
                  000138c0    0000000c                   : BIOS.obj (.text:ti_sysbios_family_arm_m3_TaskSupport_checkStack__E)
                  000138cc    00000004     --HOLE-- [fill = 0]
                  000138d0    0000000c                   : BIOS.obj (.text:ti_sysbios_family_arm_m3_TaskSupport_getStackAlignment__E)
                  000138dc    00000004     --HOLE-- [fill = 0]
                  000138e0    0000000c                   : BIOS.obj (.text:ti_sysbios_gates_GateHwi_enter__E)
                  000138ec    0000000c     httpget_pem4f.oem4f (.text:ti_sysbios_knl_Clock_Params__init__S)
                  000138f8    0000000c     sysbios.aem4f : BIOS.obj (.text:ti_sysbios_knl_Clock_getTicks__E)
                  00013904    0000000c     httpget_pem4f.oem4f (.text:ti_sysbios_knl_Queue_Object__get__S)
                  00013910    0000000c     httpget_pem4f.oem4f (.text:ti_sysbios_knl_Semaphore_Params__init__S)
                  0001391c    0000000c     httpget_pem4f.oem4f (.text:ti_sysbios_knl_Task_Params__init__S)
                  00013928    0000000c     sysbios.aem4f : BIOS.obj (.text:ti_sysbios_knl_Task_getIdleTask__E)
                  00013934    00000004     --HOLE-- [fill = 0]
                  00013938    0000000c                   : BIOS.obj (.text:ti_sysbios_knl_Task_self__E)
                  00013944    0000000c     ti.targets.arm.rtsarm.aem4f : Error.oem4f (.text:xdc_runtime_Error_init__E)
                  00013950    0000000c                                 : Gate.oem4f (.text:xdc_runtime_Gate_enterSystem__E)
                  0001395c    0000000c                                 : Memory.oem4f (.text:xdc_runtime_Memory_calloc__E)
                  00013968    0000000c                                 : Memory.oem4f (.text:xdc_runtime_Memory_getMaxDefaultTypeAlign__E)
                  00013974    0000000a     driverlib.lib : adc.obj (.text:ADCIntClear)
                  0001397e    0000000a     rtsv7M4_T_le_v4SPD16_eabi.lib : sprintf.c.obj (.text:_outc)
                  00013988    0000000a     stk.aem4f : file.oem4f (.text:fdint_signalevent)
                  00013992    0000000a               : file.oem4f (.text:fdint_signaltimeout)
                  0001399c    0000000a     httpget_pem4f.oem4f (.text:xdc_runtime_IHeap_alloc)
[...]
00015cc0  ti_sysbios_gates_GateMutex_Object__DESC__C                           
00015ce0  ti_sysbios_heaps_HeapMem_Object__DESC__C                             
00015d00  ti_sysbios_knl_Clock_Object__DESC__C                                 
00015d20  ti_sysbios_knl_Queue_Object__DESC__C                                 
00015d40  ti_sysbios_knl_Semaphore_Object__DESC__C                             
00015d60  ti_sysbios_knl_Swi_Object__DESC__C                                   
00015d80  ti_sysbios_knl_Task_Object__DESC__C                                  
00015da0  EMAC_config                                                          
00015dd0  ti_sysbios_gates_GateHwi_Object__PARAMS__C                           
00015de8  ti_sysbios_gates_GateMutex_Object__PARAMS__C                         
00015e00  ti_sysbios_knl_Queue_Object__PARAMS__C                               
00015e18  ti_sysbios_knl_Task_hooks__A                                         
00015e30  GPIOTiva_config                                                      
00015e44  xdc_runtime_Startup_firstFxns__A                                     
00015e58  xdc_runtime_Startup_sfxnRts__A                                       
00015e6c  emacHWAttrs                                                          
00015e84  EMACSnow_fxnTable                                                    
00015e8c  ti_sysbios_family_arm_m3_Hwi_excHookFuncs__A                         
00015e94  ti_sysbios_knl_Idle_funcList__A                                      
00015e9c  ti_sysbios_knl_Idle_funcList__C                                      
00015ea4  ti_sysbios_knl_Task_hooks__C                                         
00015eac  xdc_runtime_Startup_firstFxns__C                                     
00015eb4  xdc_runtime_Startup_lastFxns__C                                      
00015ebc  ti_catalog_arm_cortexm4_tiva_ce_Boot_A_mustNotUseEnhancedClockMode__C
00015ec0  ti_catalog_arm_cortexm4_tiva_ce_Boot_Module__diagsEnabled__C         
00015ec4  ti_catalog_arm_cortexm4_tiva_ce_Boot_Module__diagsIncluded__C        
00015ec8  ti_catalog_arm_cortexm4_tiva_ce_Boot_Module__diagsMask__C            
00015ecc  ti_sysbios_family_arm_lm4_Timer_enableFunc__C                        
00015ed0  ti_sysbios_family_arm_lm4_Timer_numTimerDevices__C                   
00015ed4  ti_sysbios_family_arm_lm4_Timer_startupNeeded__C                     
00015ed8  ti_sysbios_family_arm_m3_Hwi_E_NMI__C                                
00015edc  ti_sysbios_family_arm_m3_Hwi_E_alreadyDefined__C                     
00015ee0  ti_sysbios_family_arm_m3_Hwi_E_busFault__C                           
00015ee4  ti_sysbios_family_arm_m3_Hwi_E_debugMon__C                           
00015ee8  ti_sysbios_family_arm_m3_Hwi_E_hardFault__C                          
00015eec  ti_sysbios_family_arm_m3_Hwi_E_memFault__C                           
00015ef0  ti_sysbios_family_arm_m3_Hwi_E_noIsr__C                              
00015ef4  ti_sysbios_family_arm_m3_Hwi_E_reserved__C                           
00015ef8  ti_sysbios_family_arm_m3_Hwi_E_svCall__C                             
00015efc  ti_sysbios_family_arm_m3_Hwi_E_usageFault__C                         
00015f00  ti_sysbios_family_arm_m3_Hwi_NUM_INTERRUPTS__C                       
00015f04  ti_sysbios_family_arm_m3_Hwi_Object__count__C                        
00015f08  ti_sysbios_family_arm_m3_Hwi_ccr__C                                  
00015f0c  ti_sysbios_family_arm_m3_Hwi_excHandlerFunc__C                       
00015f10  ti_sysbios_family_arm_m3_Hwi_excHookFuncs__C                         
00015f14  ti_sysbios_family_arm_m3_Hwi_nullIsrFunc__C                          
00015f18  ti_sysbios_family_arm_m3_Hwi_priGroup__C                             
00015f1c  ti_sysbios_family_arm_m3_TaskSupport_stackAlignment__C               
00015f20  ti_sysbios_gates_GateMutex_Instance_State_sem__O                     
00015f24  ti_sysbios_hal_Hwi_E_stackOverflow__C                                
00015f28  ti_sysbios_heaps_HeapMem_E_memory__C                                 
00015f2c  ti_sysbios_heaps_HeapMem_Module__gateObj__C                          
00015f30  ti_sysbios_heaps_HeapMem_Object__count__C                            
00015f34  ti_sysbios_heaps_HeapMem_reqAlign__C                                 
00015f38  ti_sysbios_knl_Clock_Module_State_clockQ__O                          
00015f3c  ti_sysbios_knl_Mailbox_Instance_State_dataQue__O                     
00015f40  ti_sysbios_knl_Mailbox_Instance_State_dataSem__O                     
00015f44  ti_sysbios_knl_Mailbox_Instance_State_freeQue__O                     
00015f48  ti_sysbios_knl_Mailbox_Instance_State_freeSem__O                     
00015f4c  ti_sysbios_knl_Mailbox_Object__count__C                              
00015f50  ti_sysbios_knl_Mailbox_maxTypeAlign__C                               
00015f54  ti_sysbios_knl_Semaphore_Instance_State_pendQ__O                     
00015f58  ti_sysbios_knl_Swi_Object__count__C                                  
00015f5c  ti_sysbios_knl_Task_E_deleteNotAllowed__C                            
00015f60  ti_sysbios_knl_Task_E_spOutOfBounds__C                               
00015f64  ti_sysbios_knl_Task_E_stackOverflow__C                               
00015f68  ti_sysbios_knl_Task_Module_State_inactiveQ__O                        
00015f6c  ti_sysbios_knl_Task_Module_State_terminatedQ__O                      
00015f70  ti_sysbios_knl_Task_Object__count__C                                 
00015f74  ti_sysbios_knl_Task_Object__heap__C                                  
00015f78  ti_sysbios_knl_Task_allBlockedFunc__C                                
00015f7c  ti_sysbios_knl_Task_defaultStackHeap__C                              
00015f80  ti_sysbios_knl_Task_defaultStackSize__C                              
00015f84  ti_sysbios_knl_Task_numConstructedTasks__C                           
00015f88  xdc_runtime_Assert_E_assertFailed__C                                 
00015f8c  xdc_runtime_Core_A_initializedParams__C                              
00015f90  xdc_runtime_Core_Module__diagsEnabled__C                             
00015f94  xdc_runtime_Core_Module__diagsIncluded__C                            
00015f98  xdc_runtime_Core_Module__diagsMask__C                                
00015f9c  xdc_runtime_Error_E_memory__C                                        
00015fa0  xdc_runtime_Error_Module__diagsEnabled__C                            
00015fa4  xdc_runtime_Error_Module__diagsIncluded__C                           
00015fa8  xdc_runtime_Error_Module__diagsMask__C                               
00015fac  xdc_runtime_Error_Module__loggerFxn8__C                              
00015fb0  xdc_runtime_Error_Module__loggerObj__C                               
00015fb4  xdc_runtime_Error_policyFxn__C                                       
00015fb8  xdc_runtime_Error_raiseHook__C                                       
00015fbc  xdc_runtime_IGateProvider_Interface__BASE__C                         
00015fc0  xdc_runtime_IHeap_Interface__BASE__C                                 
00015fc4  xdc_runtime_IModule_Interface__BASE__C                               
00015fc8  xdc_runtime_Log_L_error__C                                           
00015fcc  xdc_runtime_Memory_defaultHeapInstance__C                            
00015fd0  xdc_runtime_Startup_execImpl__C                                      
00015fd4  xdc_runtime_Startup_maxPasses__C                                     
00015fd8  xdc_runtime_Startup_sfxnRts__C                                       
00015fdc  xdc_runtime_Startup_sfxnTab__C                                       
00015fe0  xdc_runtime_SysMin_bufSize__C                                        
00015fe4  xdc_runtime_SysMin_outputFunc__C                                     
00015fe8  xdc_runtime_System_Module__gateObj__C                                
00015fec  xdc_runtime_System_abortFxn__C                                       
00015ff0  xdc_runtime_System_exitFxn__C                                        
00015ff4  xdc_runtime_System_extendFxn__C                                      
00015ff8  xdc_runtime_System_maxAtexitHandlers__C                              
00015ffc  xdc_runtime_Text_charTab__C                                          
00016000  xdc_runtime_Text_nameEmpty__C                                        
00016004  xdc_runtime_Text_nameStatic__C                                       
00016008  xdc_runtime_Text_nameUnknown__C                                      
0001600c  xdc_runtime_Text_nodeTab__C                                          
00016010  xdc_runtime_Text_visitRopeFxn__C                                     
00016014  ti_sysbios_hal_Hwi_Module__id__C                                     
00016016  ti_sysbios_heaps_HeapMem_Module__id__C                               
00016018  ti_sysbios_knl_Task_Module__id__C                                    
0001601a  xdc_runtime_Core_Module__id__C                                       
0001601c  xdc_runtime_Error_Module__loggerDefined__C                           
0001601e  xdc_runtime_Error_maxDepth__C                                        
00016020  xdc_runtime_Memory_Module__id__C                                     
00016022  xdc_runtime_SysMin_flushAtExit__C                                    
00016024  xdc_runtime_Text_charCnt__C                                          
00016026  xdc_runtime_Text_isLoaded__C                                         
00016028  xdc_runtime_Text_registryModsLastId__C                               
0001602a  xdc_runtime_Text_unnamedModsLastId__C                                
00016030  __TI_static_base__                                                   
00016434  __TI_Handler_Table_Base                                              
00016440  __TI_Handler_Table_Limit                                             
00016450  __TI_CINIT_Base                                                      
00016468  __TI_CINIT_Limit                                                     
20000000  __start___llvm_prf_cnts                                              
20000000  __stop___llvm_prf_cnts                                               
20000000  ti_sysbios_family_arm_m3_Hwi_ramVectors                              
20000380  ti_ndk_config_Global_pit                                             
20000498  ti_ndk_config_Global_pitBuffer                                       
2000cc98  ti_sysbios_heaps_HeapMem_Instance_State_0_buf__A                     
20014c98  ips                                                                  
20014d00  ti_ndk_config_Global_pBufMem                                         
20018900  ti_ndk_config_Global_pHdrMem                                         
20018bf8  ti_sysbios_knl_Task_Instance_State_0_stack__A                        
200193f8  ti_sysbios_knl_Task_Instance_State_1_stack__A                        
200199f8  ti_sysbios_knl_Task_Instance_State_2_stack__A                        
20019bf8  ti_sysbios_family_arm_m3_Hwi_dispatchTable                           
20019f58  __CIOBUF_                                                            
2001a178  tcps                                                                 
2001a2e8  ti_sysbios_knl_Mailbox_Instance_State_0_allocBuf__A                  
2001a538  xdc_runtime_SysMin_Module_State_0_outbuf__A                          
2001a5b8  nimu_mcb                                                             
2001a61c  _ICMPIn                                                              
2001a668  _ICMPOut                                                             
2001a6f4  tempstr                                                              
2001a728  vlan_mcb                                                             
2001a774  udps                                                                 
2001a798  BlockCount                                                           
2001a7b4  BlockMax                                                             
2001a7d0  PageCount                                                            
2001a7ec  PageMax                                                              
2001a808  stkEvent                                                             
2001a858  raweths                                                              
2001a868  raws                                                                 
2001a878  PBMQ_free                                                            
2001a884  tpseudo                                                              
2001a890  upseudo                                                              
2001a89c  ADCValues                                                            
2001a8a4  emacObjects                                                          
2001a8ac  parmbuf                                                              
2001a8d4  _IGMPInDiscard                                                       
2001a8d8  _IGMPInQuery                                                         
2001a8dc  _IGMPInQueryGroup                                                    
2001a8e0  _IGMPInResponse                                                      
2001a8e4  _IGMPOutResponse                                                     
2001a8e8  g_ulStatus                                                           
2001a8fc  raweth_pcb                                                           
2001a900  ti_sysbios_knl_Task_Instance_State_0_hookEnv__A                      
2001a904  ti_sysbios_knl_Task_Instance_State_1_hookEnv__A                      
2001a908  ti_sysbios_knl_Task_Instance_State_2_hookEnv__A                      
2001a90c  ti_sysbios_knl_Task_Object__table__V                                 
2001a9f0  _ipcfg                                                               
2001aaa4  ti_sysbios_family_arm_lm4_Timer_Object__table__V                     
2001ab24  ti_sysbios_knl_Swi_Module_State_0_readyQ__A                          
2001aba4  ti_sysbios_knl_Task_Module_State_0_readyQ__A                         
2001ac24  ti_sysbios_knl_Swi_Object__table__V                                  
2001ac84  ti_sysbios_knl_Mailbox_Object__table__V                              
2001ad22  ti_sysbios_family_arm_m3_Hwi_Module_State_0_excActive__A             
2001ad24  ti_sysbios_knl_Task_Module__state__V                                 
2001ade8  ti_sysbios_family_arm_lm4_Timer_Module_State_0_device__A             
2001ae28  ti_sysbios_gates_GateMutex_Object__table__V                          
2001ae94  ti_sysbios_family_arm_m3_Hwi_Module__state__V                        
2001aec8  enablePrefetch                                                       
2001aecc  phyCounter                                                           
2001aefa  xdc_runtime_Error_Module__state__V                                   
2001af2c  ti_sysbios_family_arm_m3_Hwi_Object__table__V                        
2001af5c  ti_sysbios_knl_Clock_Module__state__V                                
2001af88  pstrMsgName                                                          
2001afb0  _oscfg                                                               
2001afd4  PITCount                                                             
2001afd8  PITUsed                                                              
2001afdc  PITHigh                                                              
2001aff8  ti_sysbios_BIOS_Module__state__V                                     
2001b01c  ti_sysbios_family_arm_lm4_Timer_Module_State_0_handles__A            
2001b058  ti_ndk_config_Global_Id2Size                                         
2001b074  ti_sysbios_knl_Swi_Module__state__V                                  
2001b0d8  ti_sysbios_heaps_HeapMem_Object__table__V                            
2001b12c  ti_sysbios_knl_Semaphore_Object__table__V                            
2001b140  gpioPinConfigs                                                       
2001b158  _IGMPForceVersion1                                                   
2001b160  ti_sysbios_family_arm_lm4_Timer_Module__state__V                     
2001b16c  xdc_runtime_SysMin_Module__state__V                                  
2001b184  _lock                                                                
2001b188  _unlock                                                              
2001b18c  NIMUDeviceTable                                                      
2001b194  gpioCallbackFunctions                                                
2001b19c  ti_ndk_config_Global_HostName                                        
2001b1a0  __xdc__init__addr                                                    
2001b1b4  _ICMPInErrors                                                        
2001b1b8  _ICMPOutErrors                                                       
2001b1bc  _IPExecuting                                                         
2001b1d4  tcp_iss                                                              
2001b1d8  ptTimeFirst                                                          
2001b1e4  ti_sysbios_family_arm_m3_Hwi_Module__root__V                         
2001b1ec  ti_sysbios_gates_GateHwi_Module__root__V                             
2001b1f4  ti_sysbios_gates_GateMutex_Module__root__V                           
2001b1fc  ti_sysbios_hal_Timer_Object__table__V                                
2001b204  ti_sysbios_heaps_HeapMem_Module__root__V                             
2001b20c  ti_sysbios_knl_Clock_Module__root__V                                 
2001b214  ti_sysbios_knl_Queue_Module__root__V                                 
2001b21c  ti_sysbios_knl_Semaphore_Module__root__V                             
2001b224  ti_sysbios_knl_Swi_Module__root__V                                   
2001b22c  ti_sysbios_knl_Task_Module__root__V                                  
2001b234  xdc_runtime_Registry_Module__state__V                                
2001b23c  xdc_runtime_Startup_Module__state__V                                 
2001b244  xdc_runtime_System_Module_State_0_atexitHandlers__A                  
2001b24c  xdc_runtime_System_Module__state__V                                  
2001b254  macAddress                                                           
2001b278  errno                                                                
2001b27c  main_func_sp                                                         
2001b284  _IPReasmPtr                                                          
2001b294  ti_sysbios_family_arm_m3_Hwi_Module_State_0_excContext__A            
2001b298  ti_sysbios_family_arm_m3_Hwi_Module_State_0_excStack__A              
2001b29c  ti_sysbios_gates_GateHwi_Object__table__V                            
2001b2a0  ti_sysbios_knl_Task_Module_State_0_idleTask__A                       
2001b2a4  xdc_runtime_Memory_Module__state__V                                  
2001b2a8  __stack                                                              
2001baa8  __STACK_END                                                          
e000e000  ti_sysbios_family_arm_m3_Hwi_nvic                                    
ffffffff  __TI_pprof_out_hndl                                                  
ffffffff  __TI_prof_data_size                                                  
ffffffff  __TI_prof_data_start                                                 
ffffffff  __binit__                                                            
ffffffff  __c_args__                                                           
ffffffff  binit                                                                
UNDEFED   SHT$$INIT_ARRAY$$Base                                                
UNDEFED   SHT$$INIT_ARRAY$$Limit                                               

[1061 symbols]
